[    0.000000] nitializin cgroup subsys cpuset
[    0.000000] Iitializing cgroup subsys cpu
[    0.000000] Initializing cgroup subsys cpuacct
[    0.000000 Linux version 44.0-137-generic (buildd@lgw01-amd64-037) (gcc version 5.4.0 20160609 (Ubuntu 5.4.0-6ubuntu1~16.04.10) ) #163-Ubuntu SMP Mon Sep 24 13:14:43 UC 2018 (Ubuntu 4.4.0-137.163-generic 4.4.144)
[    0.00000] Command line: BOOT_IMAGE=/boot/vmlinuz-4.4.0-137-generic root=LABEL=cloudimg-rootfs ro console=tty1 console=ttyS0
[    0.000000] KERNEL supported cpus:
[    0.000000]   IntelenuineIntel
[    0.000000]   AMD AuthenticAMD
[    0.00000]   Centaur CentaurHauls
[    0.000000] x86/fpu: xstate_offset[2]:  576, xstate_sizes[2]:  256
[   0.00000] x86/fpu: Supporting XSAVE feature 0x01: 'x87 floating point registers'
[    0.000000] x86/fpu Supporting XSAVE feature 0x02: 'SSE registers'
[    0.000000] x86/fpu Supportin XSAVE feature 0x04: 'AVX registers'
[    0.000000] x86/fpu: Enabled xstate features 0x7, context size is 832 bytes, using 'standard' format.
[    0.000000] e820: BIOS-provided physical RAM map:
[    0.000000] BIOS-e820: [mem 0x0000000000000000-0x000000000009fbff] usable
[    0.000000] BIOS-e820: [mem 0x000000000009fc00-0x000000000009ffff] reserved
[    0.000000] BIOS-e820: [mem 0x00000000000f0000-0x00000000000fffff] reserved
[    0.000000] BIOS-e820: [mem 0x0000000000100000-0x000000003ffeffff] usable
[    0.000000] BIOS-e820: [mem 0x000000003fff0000-0x000000003fffffff] ACPI data
[    0.000000] BIOS-e820: [mem 0x00000000fec00000-0x00000000fec00fff] reserved
[    0.000000] BIOS-e820: [mem 0x00000000fee00000-0x00000000fee00fff] reserved
[    0.000000] BIOS-e820: [mem 0x00000000fffc0000-0x00000000ffffffff] reserved
[    0.000000] NX (Execute Disable) protection: active
[    0.000000] SMBIOS 2.5 present.
[    0.000000] Hypervisor detected: KVM
[    0.000000] e820: last_pfn = 0x3fff0 max_arch_pfn = 0x400000000
[    0.000000] MTRR: Disabled
[    0.000000] x86/PAT: MTRRs disabled, skipping PAT initialization too.
[    0.000000] CPU MTRRs all blank - virtualized system.
[    0.000000] x86/PAT: Configuration [0-7]: WB  WT  UC- UC  WB  WT  UC- UC  
[    0.000000] found SMP MP-table at [mem 0x0009fff0-0x0009ffff] mapped at [ffff88000009fff0]
[    0.000000] Scanning 1 areas for low memory corruption
[    0.000000] RAMDISK: [mem 0x3630e000-0x3717efff]
[    0.000000] ACPI: Early table checksum verification disabled
[    0.000000] ACPI: RSDP 0x00000000000E0000 000024 (v02 VBOX  )
[    0.000000] ACPI: XSDT 0x000000003FFF0030 00003C (v01 VBOX   VBOXXSDT 00000001 ASL  00000061)
[    0.000000] ACPI: FACP 0x000000003FFF00F0 0000F4 (v04 VBOX   VBOXFACP 00000001 ASL  00000061)
[    0.000000] ACPI: DSDT 0x000000003FFF0470 0021FF (v02 VBOX   VBOXBIOS 00000002 INTL 20100528)
[    0.000000] ACPI: FACS 0x000000003FFF0200 000040
[    0.000000] ACPI: FACS 0x000000003FFF0200 000040
[    0.000000] ACPI: APIC 0x000000003FFF0240 00005C (v02 VBOX   VBOXAPIC 0000001 ASL 00000061)
[    0.000000] ACPI: SSDT 0x000000003FFF02A0 0001CC (v01 VBOX   VBOXCPUT 00000002 INTL 20100528)
[    0.000000] No NUMA configuration found
[    .000000] Faking a node at [mem 0x0000000000000000-0x000000003ffeffff]
[    0.000000] NODE_DATA(0) allocated [mem 0x3ffeb000-0x3ffeffff]
[    0.000000] kvm-clock: Using msrs 4b564d01 and 4b564d00
[    0.000000] kvm-clock: cpu 0, msr 0:3ffe3001, primary cpu clock
[    0.000000] kvm-clock: using sched offset of 7419515910 cycles
[   0.000000] clocksource: kvm-clock: mask: 0xffffffffffffffff max_cycles: 0x1cd42e4dffb, max_idle_ns: 881590591483 ns
[    0.000000] Zone ranges:
[    0.000000]   DMA      [mem 0x0000000000001000-0x0000000000ffffff]
[    0.000000]   DMA32    [mem 0x0000000001000000-0x000000003ffeffff]
[    0.000000]   Normal   empty
[    0.000000]   Device   empty
[    0.000000] Movable zone start for each node
[    0.000000] Early memory node ranges
[    0.000000  node   0: [mem 0x0000000000001000-0x000000000009efff]
[    0.000000]   node   0: [mem 0x0000000000100000-0x000000003ffeffff]
[    0.000000] Initmem setup noe 0 [mem 0x0000000000001000-0x000000003ffeffff]
[   0.000000] ACPI: PM-Timer IO ort: 0x4008
[    0.000000] IOAPIC[0]: apic_id 2, version 32, address 0xfec00000, GI 0-23
[    0.000000] ACPI: INT_SRC_OVR (bus 0 bus_irq 0 global_irq 2 dfl dfl)
[    0.00000] ACPI: INT_SRC_OVR (bus 0 bus_irq 9 global_irq 9low leve)
[    0.000000] Using ACPI (MADT) for SMP configuratio information
[    0.000000] smpboot: Allowing 2 CPUs, 0 hotplug CPUs
[    0.000000] PM: Registered nosave memory: [mem 0x00000000-0x0000fff]
[   0.000000]PM: Registered nosave memory: [mem 0x0009f000-0x0009ffff]
[    0.000000] PM: Registered nosave memory: [mem 0x000a0000-0x000effff]
[    0.000000] PM: Registered nosave memory: [mem 0x000f0000-0x000fffff]
[    0.000000] e820: [mem 0x40000000-0xfebfffff] available for PCI devices
[    0.000000] Booting paravirtualized kernel on KVM
[    0.000000] clocksource: refined-jiffies: mask: 0xffffffff max_cycles: 0xffffffff, max_idle_ns: 7645519600211568 ns
[    0.000000] setup_percpu: NR_CPUS:512 nr_cpumask_bits:512 nr_cp_ids:2 nr_node_ids:1
[    .000000] PERCPU: Embedded 34 pages/cpu @ffff88003fc00000 s99608 r8192 d31464 u1048576
[    0.00000] PV qspinlock hash table entries: 256 (order: 0, 4096 bytes)
[    0.000000] Built 1 zonelists in Node order, mobility grouping on.  Total pages: 257912
[    0.00000] Policy zone: DMA32
[    0.000000] Kernel command line: BOOT_IMAGE=/boot/vmlinuz-4.4.0-137-generic root=LABEL=cloudimg-rootfs ro console=tty1 console=ttyS0
[    0.000000] PID hash table entries: 4096 (order: 3, 32768 bytes)
[    0.00000] Memory: 997716K/1048120K available (8555K kernel code, 1314K rwdata, 4004K rodata, 1528K init, 1316K bss, 50404K reserved, 0K cma-reserved)
    0.000000] SLUB: HWalign=64, Order=0-3, MinObjects=0, CPUs=2, Nodes=1
[    0.000000] Kernel/User page tables isolation: enabled
[    0.000000] Hierarchical RCU implementation.
[    0.000000] 	Build-time adjustment of leaf fanout to 64.
[    0.000000] 	RCU restricting CPUs from NR_CPUS=512 to nr_cpu_ids=2.
[    0.000000] RCU: Adjusting geometry for rcu_fanout_leaf=64,  nr_cpu_ids=2
[    0.000000] NR_IRQS:33024 nr_irqs:40 16
[   .000000] Console: colour VGA+ 80x25
[    0.000000] console [tty1] enabled
[    0.000000] console [ttyS0] enabled
[    0.000000] tsc: Detected 1599.999 MHz processor
[    1.187829] Calibrating delay loop (skipped) preset value.. 3199.99 BogoMIPS (lpj=6399996)[    1.206124] pid_ax: default: 32768 minimum: 301
[    1.239818] ACPI: Core revision 20150930
[    1.242652] ACPI: 2 ACPI AML tables successfully acquired and loaded
[    1.248811] Security Framework initialized
[    1.250742] Yama: becoming mindful.
[    1.255510] AppArmor: AppArmor initialized
[    1.260275] Dentry cache hash table entries: 131072 (order: 8, 1048576 bytes)
[    1.274888] Inode-cache hash table entries: 65536 (order: 7, 524288 bytes)
[    1.277507] Mount-cache hash table entries: 2048 (order: 2, 16384 bytes)
[    1.288707] Mountpoint-cache hash table entries: 2048 (order: 2, 16384 bytes)
[    1.292918] Initializing cgroup subsys io
[    1.294606] Initializing cgroup subsys memory
[    1.296313] Initializing cgroup subsys devices
[    1.298459] Initializing cgroup subsys freezer
[    1.303420] Initializing cgroup subsys net_cls
[    1.305135] Initializing cgroup subsys perf_event
[    1.310509] Initializing cgroup subsys net_prio
[    1.312510] Initializing cgroup subsys hugetlb
[    1.319565] Initializing cgroup subsys pids
[    1.332490] mce: CPU supports 0 MCE banks
[    1.336702] Last level iTLB entries: 4KB 64, 2MB 8, 4MB 8
[    1.344787] Last level dTLB entries: 4KB 64, 2MB 0, 4MB 0, 1GB 4
[    1.347318] Spectre V2 : Mitigation: Full generic retpoline
[    1.355816] Spectre V2 : Spectre v2 mitigation: Speculation control IBPB not-supported IBRS not-supported
[    1.359771] Spectre V2 : Spectre v2 / SpectreRSB mitigation: Filling RSB on context switch
[    1.368086] Speculative Store Bypass: Vulnerable
[    1.374672] Freeing SMP alternatives memory: 32K
[    1.392357] ftrace: allocating 32265 entries in 127 pages
[    1.455364] smpboot: APIC(0) Converting physical 0 to logical package 0
[    1.457781] smpboot: Max logical packages: 1
[    1.463814] x2apic enabled
[    1.465470] Switched APIC routing to physical x2apic.
[    1.470965] ..TIMER: vector=0x30 apic1=0 pin1=2 apic2=-1 pin2=-1
[    1.590856] smpboot: CPU0: IntelR) Core(T)  i5-5250U CPU @ 1.60GHz (family: 0x6, model: 0x3d, stepping: 0x4)
[    1.649551] Performance Events: unsupported p6 CPU model 61 no PMU driver, software events only.
[    1.661089] KVM setup paravirtual spinlock
[    1.665654] x86: Booting SMP configuration:
[    1.671778] .... node  #0, CPUs:      #1
[    1.673872] kvm-clock: cpu 1, msr 0:3ffe3041, secondary cpu clock
[    1.677133] mce: CPU supports 0 MCE banks
[    1.680592] x86: Booted up 1 node, 2 CPUs
[    1.682829] smpboot: Total of 2 processors activated (6399.99 BogoMIPS)
[    1.687348] devtmpfs: initialized
[    1.691478] evm: security.selinux
[    1.692927] evm: security.SMACK64
[    1.695903] evm: security.SMACK64EXEC
[    1.703023] evm: security.SMACK64TRANSMUTE
[    1.704696] evm: security.SMACK64MMAP
[    1.706329] evm: security.ima
[    1.707945] evm: security.capability
[    1.711930] clocksource: jiffies: mask: 0xffffffff max_cycles: 0xffffffff, max_idle_ns: 7645041785100000 ns
[    1.717908] futex hash table entries: 512 (order: 3, 32768 bytes)
[    1.721786] pinctrl core: initialized pinctrl subsystem
[    1.728206] RTC time: 15:51:20, date: 11/05/18
[    1.730856] NET: Registered protocol family 16
[    1.743851] cpuidle: using governor ladder
[    1.760308] cpuidle: using governor menu
[    1.766403] PCCT header not found.
[    1.768203] ACPI: bus type PCI registered
[    1.769919] acpiphp: ACPI Hot Plug PCI Controller Driver version: 0.5
[    1.773733] PCI: Using configuration type 1 for base access
[    1.793565] ACPI: Added _OSI(Module Device)
[    1.797089] ACPI: Added _OSI(Processor Device)
[    1.801941] ACPI: Added _OSI(3.0 _SCP Extensions)
[    1.809650] ACPI: Added _OSI(Processor Aggregator Device)
[    1.816309] ACPI: Executed 1 blocks of module-level executable AML code
[    1.827502] ACPI: Interpreter enabled
[    1.829360] ACPI: (supports S0 S5)
[    1.831139] ACPI: Using IOAPIC for interrupt routing
[    1.837572] PCI: Using host bridge windows from ACPI; if necessary, use "pci=nocrs" and report a bug
[    1.849422] ACPI: PCI Root Bridge [PCI0] (domain 0000 [bus 00-ff])
[    1.852117] acpi PNP0A03:00: _OSC: OS supports [ASPM ClockPM Segments MSI]
[    1.855204] acpi PNP0A03:00: _OSC: not requesting OS control; OS requires [ExtendedConfig ASPM ClockPM MSI]
[    1.859911] acpi PNP0A03:00: fail to add MMCONFIG information, can't access extended PCI configuration space under this bridge.
[    1.865706] PCI host bridge to bus 0000:00
[    1.867620] pci_bus 0000:00: root bus resource [io  0x0000-0x0cf7 window]
[    1.876374] pci_bus 0000:00: root bus resource [io  0x0d00-0xffff window]
[    1.879496] pci_bus 0000:00: root bus resource [mem 0x000a0000-0x000bffff window]
[    1.891932] pci_bus 0000:00: root bus resource [mem 0x40000000-0xfdffffff window]
[    1.904996] pci_bus 0000:00: root bus resource [bus 00-ff]
[    1.917928] pci 0000:00:01.1: legacy IDE quirk: reg 0x10: [io  0x01f0-0x01f7]
[    1.924776] pci 0000:00:01.1: legacy IDE quirk: reg 0x14: [io  0x03f6]
[    1.929718] pci 0000:00:01.1: legacy IDE quirk: reg 0x18: [io  0x0170-0x0177]
[    1.936118] pci 0000:00:01.1: legacy IDE quirk: reg 0x1c: [io  0x0376]
[    2.002702] pci 0000:00:07.0: quirk: [io  0x4000-0x403f] claimed by PIIX4 ACPI
[    2.005995] pci 0000:00:07.0: quirk: [io  0x4100-0x410f] claimed by PIIX4 SMB
[    2.021557] ACPI: PCI Interrupt Link [LNKA] (IRQs 5 9 10 *11)
[    2.027558] ACPI: PCI Interrupt Link [LNKB] (IRQs 5 9 *10 11)
[    2.033384] ACPI: PCI Interrupt Link [LNKC] (IRQs 5 *9 10 11)
[    2.037984] ACPI: PCI Interrupt Link [LNKD] (IRQs 5 9 10 *11)
[    2.042183] ACPI: Enabled 2 GPEs in block 00 to 07
[    2.046219] vgaarb: setting as boot device: PCI:0000:00:02.0
[    2.049903] vgaarb: device added: PCI:0000:00:02.0,decodes=io+mem,owns=io+mem,locks=none
[    2.061202] vgaarb: loaded
[    2.062446] vgaarb: bridge control possible 0000:00:02.0
[    2.070718] SCSI subsystem initialized
[    2.073061] ACPI: bus type USB registered
[    2.076516] usbcore: registered new interface driver usbfs
[    2.080752] usbcore: registered new interface driver hub
[    2.089218] usbcore: registered new device driver usb
[    2.095143] PCI: Using ACPI for IRQ routing
[    2.101553] NetLabel: Initializing
[    2.107897] NetLabel:  domain hash size = 128
[    2.115937] NetLabel:  protocols = UNLABELED CIPSOv4
[    2.118127] NetLabel:  unlabeled traffic allowed by default
[    2.122180] amd_nb: Cannot enumerate AMD northbridges
[    2.125494] clocksource: Switched to clocksource kvm-clock
[    2.141154] AppArmor: AppArmor Filesystem Enabled
[    2.143235] pnp: PnP ACPI init
[    2.14587] pnp: PnP ACPI: found 3 devices

[    2.18102] cocksource: acpi_pm: mask: 0xffffff max_cycles: 0xffffff, max_idle_ns: 2085701024 ns
[    2.239445] NET: Reistered protocol amily 2

[    2.291784] TCP established hash table entries: 8192 (order: 4, 65536 bytes)
[    2.296955] TCP bind hash table entries: 8192 (order: 5, 131072 bytes)
[    2.31046] TCP: Hash tables configure (established 8192 bind 8192)
[    2.362727] UDP hash table entries: 512 (orde: 2,16384 bytes)
[    2.415251] UDP-Lite has table entris: 512 (order: 2, 16384 bytes)
[    2.468164] NET: Registered protocol family 
[    2.495240] pci 0000:00:00.0: Limiting direct PCI/PCI transfers
[    2.49721]pci 0000:00:01.0: Activating ISA DMA hang workarounds
[    2.73621] Unpacking initramfs...

[   2.66136] Freeing initrd memory: 14788K
[   2.917417] RAPL PMU detected, API unit is 2^-32 Joules, 4 fixed couners 10737418240 ms ovfl timer
[    2.971636] hw uni of domain pp0-core 2^-0 Joules

[    2.999263] hw unit of domain package 2^-0 Joules
[    3.001387] hw unit of domain dram 2^-0 Joules
[    3.003569] hw unit of domain pp1-gpu 2^-0 Joules
[    3.005825] platform rtc_cmos: registered platform RTC device (no PNP device found)
[    3.009241] Scanning for low memory corruption every 60 seconds
[    3.012386] audit: initializing netlink subsys (disabled)
[    3.022489] audit: type=2000 audit(1541433088.620:1): initialized
[    3.026200] Initialise system trusted keyring
[    3.039146] HugeTLB registered 2 MB page size, pre-allocated 0 pages
[    3.048130] zbud: loaded
[    3.051562] VFS: Disk quotas dquot_6.6.0
[    3.058521] VFS: Dquot-cache hash table entries: 512 (order 0, 4096 bytes)
[    3.064029] squashfs: version 4.0 (2009/01/31) Phillip Lougher
[    3.075644] fuse init (API version 7.23)
[    3.079629] Key type big_key registered
[    3.093835] Allocating IMA MOK and blacklist keyrings.
[    3.106209] Key type asymmetric registered
[    3.108957] Asymmetric key parser 'x509' registered
[    3.119834] Block layer SCSI generic (bsg) driver version 0.4 loaded (major 249)
[    3.131358] io scheduler noop registered
[    3.138911] io scheduler deadline registered (default)
[    3.144357] io scheduler cfq registered
[    3.147678] pci_hotplug: PCI Hot Plug PCI Core version: 0.5
[    3.150161] pciehp: PCI Express Hot Plug Controller Driver version: 0.4
[    3.170664] ACPI: AC Adapter [AC] (off-line)
[    3.175485] input: Power Button as /devices/LNXSYSTM:00/LNXPWRBN:00/input/input0
[    3.183636] ACPI: Power Button [PWRF]
[    3.185423] input: Sleep Button as /devices/LNXSYSTM:00/LNXSLPBN:00/input/input1
[    3.190587] ACPI: Sleep Button [SLPF]
[    3.198968] GHES: HEST is not enabled!
[    3.200493] ACPI: Battery Slot [BAT0] (battery present)
[    3.210570] Serial: 8250/16550 driver, 32 ports, IRQ sharing enabled
[    3.242946] 00:02: ttyS0 at I/O 0x3f8 (irq = 4, base_baud = 115200) is a 16550A
[    3.252110] Linux agpgart interface v0.103
[    3.257331] loop: module loaded
[    3.264503] scsi host0: ata_piix
[    3.266612] scsi host1: ata_piix
[    3.270673] ata1: PATA max UDMA/33 cmd 0x1f0 ctl 0x3f6 bmdma 0xd000 irq 14
[    3.280150] ata2: PATAmax UDMA/33 cmd 0x10 ctl 0x376bmdma 0xd008 irq 15

[    3.357714] libphy: Fixed DIO Bus: probed

[    3.388382] tun: Universal TUN/TAP device driver, 1.6
[    3.390600 tun: (C 1999-2004 Max Krasnyansky <maxk@qualcomm.com>

[    3.443028] PPP generic driver version 2.4.2
[    3.451238] ehci_hcd: USB 2.0 'Enhanced' Host Controller (EHCI) Driver
[    3.453998] ehci-pci: EHCI PCI platform driver
[    3.455958] ehci-platform: EHCI generic platform driver
[    3.458263] ohci_hcd: USB 1.1 'Open' Host Controller (OHCI) Driver
[    3.460937] ohci-pci: OHCI PCI platform driver
[    3.462941] ohci-platform: OHCI generic platform driver
[    3.475256] uhci_hcd: USB Universal Host Controller Interface driver
[    3.478021] i8042: PNP: PS/2 Controller [PNP0303:PS2K,PNP0f03:PS2M] at 0x60,0x64 irq 1,12
[    3.488660] serio: i8042 KBD port at 0x60,0x64 irq 1
[    3.494968] serio: i8042 AUX port at 0x60,0x64 irq 12
[    3.498229] mousedev: PS/2 mouse device common for all mice
[    3.501326] input: AT Translated Set 2 keyboard as /devices/platform/i8042/serio0/input/input2
[    3.501991] rtc_cmos rtc_cmos: rtc core: registered rtc_cmos as rtc0
[    3.502062] rtc_cmos rtc_cmos: alarms up to one day, 114 bytes nvram
[    3.502070] i2c /dev entries driver
[    3.502132] device-mapper: uevent: version 1.0.3
[    3.502190] device-mapper: ioctl: 4.34.0-ioctl (2015-10-28) initialised: dm-devel@redhat.com
[    3.502212] ledtrig-cpu: registered to indicate activity on CPUs
[    3.514206] NET: Registered protocol family 10
[    3.514367] NET: Registered protocol family 17
[    3.514378] Key type dns_resolver registered
[    3.514651] registered taskstats version 1
[    3.514665] Loading compiled-in X.509 certificates
[    3.515359] Loaded X.509 cert 'Build time autogenerated kernel key: 20acc96b50ca7641011eace69d32209215a9b56f'
[    3.515377] zswap: loaded using pool lzo/zbud
[    3.516921] Key type trusted registered
[    3.519714] Key type encrypted registered
[    3.519721] AppArmor: AppArmor sha1 policy hashing enabled
[    3.519723] ima: No TPM chip found, activating TPM-bypass!
[    3.519730] ima: Allocated hash algorithm: sha1
[    3.519745] evm: HMAC attrs: 0x1
[    3.520184]   Magic number: 10:336:891
[    3.520200] event_source msr: hash matches
[    3.521973] rtc_cmos rtc_cmos: setting system clock to 2018-11-05 15:51:21 UTC (1541433081)
[    3.522064] BIOS EDD facility v0.16 2004-Jun-25, 0 devices found
[    3.522064] EDD information not available.
[    3.631452] Freeing unused kernel memory: 1528K
[    3.642312] Write protecting the kernel read-only data: 14336k
[    3.652815] Freeing unused kernel memory: 1672K
[    3.659829] Freeing unused kernel memory: 92K
Loading, please wait...
starting version[    3.694161] random: systemd-udevd: uninitialized urandom read (16 bytes read, 5 bits of entropy available)
 229
[    3.694929] random: udevadm: uninitialized urandom read (16 bytes read, 5 bits of entropy available)
[    3.694955] random: udevadm: uninitialized urandom read (16 bytes read, 5 bits of entropy available)
[    3.704379] random: udevadm: uninitialized urandom read (16 bytes read, 5 bits of entropy available)
[    3.704427] random: udevadm: uninitialized urandom read (16 bytes read, 5 bits of entropy available)
[    3.704570] random: udevadm: uninitialized urandom read (16 bytes read, 5 bits of entropy available)
[    3.704625] random: udevadm: uninitialized urandom read (16 bytes read, 5 bits of entropy available)
[    3.704676] random: udevadm: uninitialized urandom read (16 bytes read, 5 bits of entropy available)
[    3.704727] random: udevadm: uninitialized urandom read (16 bytes read, 5 bits of entropy available)
[    3.704778] random: udevadm: uninitialized urandom read (16 bytes read, 5 bits of entropy available)
[    3.832398] e1000: Intel(R) PRO/1000 Network Driver - version 7.3.21-k8-NAPI
[    3.834773] e1000: Copyright (c) 1999-2006 Intel Corporation.
[    3.836777] Fusion MPT base driver 3.04.20
[    3.840447] Copyright (c) 1999-2008 LSI Corporation
[    3.850227] Fusion MPT SPI Host driver 3.04.20
[    3.873653] AVX2 version of gcm_enc/dec engaged.
[    3.875807] AES CTR mode by8 optimization enabled
[    4.008573] tsc: Refined TSC clocksource calibration: 1599.838 MHz
[    4.011422] clocksource: tsc: mask: 0xffffffffffffffff max_cycles: 0x170f8be3cd5, max_idle_ns: 440795237866 ns
[    4.117815] input: ImExPS/2 Generic Explorer Mouse as /devices/platform/i8042/serio1/input/input4
[    4.303728] e1000 0000:00:03.0 eth0: (PCI:33MHz:32-bit) 02:28:89:27:00:51
[    4.311236] e1000 0000:00:03.0 eth0: Intel(R) PRO/1000 Network Connection
[    4.320671] mptbase: ioc0: Initiating bringup
[    4.321784] e1000 0000:00:03.0 enp0s3: renamed from eth0
[    4.555116] ioc0: LSI53C1030 A0: Capabilities={Initiator}
[    4.748875] scsi host2: ioc0: LSI53C1030 A0, FwRev=00000000h, Ports=1, MaxQ=256, IRQ=20
[    4.875327] scsi 2:0:0:0: Direct-Access     VBOX     HARDDISK         1.0  PQ: 0 ANSI: 5
[    4.882135] scsi target2:0:0: Beginning Domain Validation
[    4.887048] scsi target2:0:0: Domain Validation skipping write tests
[    4.900096] scsi target2:0:0: Ending Domain Validation
[    4.902130] scsi target2:0:0: asynchronous
[    4.905425] scsi 2:0:1:0: Direct-Access     VBOX     HARDDISK         1.0  PQ: 0 ANSI: 5
[    4.930784] scsi target2:0:1: Beginning Domain Validation
[    4.936663] scsi target2:0:1: Domain Validation skipping write tests
[    4.939901] scsi target2:0:1: Ending Domain Validation
[    4.941640] scsi target2:0:1: asynchronous
[    4.954210] sd 2:0:0:0: Attached scsi generic sg0 type 0
[    4.969021] sd 2:0:0:0: [sda] 20971520 512-byte logical blocks: (10.7 GB/10.0 GiB)
[    4.981033] sd 2:0:1:0: Attached scsi generic sg1 type 0
[    4.983396] sd 2:0:1:0: [sdb] 20480 512-byte logical blocks: (10.5 MB/10.0 MiB)
[    4.983785] sd 2:0:0:0: [sda] Write Protect is off
[    4.984066] sd 2:0:0:0: [sda] Incomplete mode parameter data
[    4.984067] sd 2:0:0:0: [sda] Assuming drive cache: write through
[    5.028038] sd 2:0:1:0: [sdb] Write Protect is off
[    5.030950]  sda: sda1
[    5.043452] sd 2:0:1:0: [sdb] Incomplete mode parameter data
[    5.044274] sd 2:0:0:0: [sda] Attached SCSI disk
[    5.049565] sd 2:0:1:0: [sdb] Assuming drive cache: write through
[    5.065826] sd 2:0:1:0: [sdb] Attached SCSI disk
Begin: Loading e[    6.573276] md: linear personality registered for level -1
ssential drivers ... [    6.606050] md: multipath personality registered for level -4
[    6.614465] md: raid0 personality registered for level 0
[    6.620101] md: raid1 personality registered for level 1
[    6.701978] raid6: sse2x1   gen()  8132 MB/s
[    6.777923] raid6: sse2x1   xor()  6109 MB/s
[    6.849867] raid6: sse2x2   gen()  9875 MB/s
[    6.921547] raid6: sse2x2   xor()  6673 MB/s
[    6.989753] raid6: sse2x4   gen() 11682 MB/s
[    7.069532] raid6: sse2x4   xor()  7437 MB/s
[    7.147762] raid6: avx2x1   gen() 16163 MB/s
[    7.221847] raid6: avx2x2   gen() 18267 MB/s
[    7.292280] raid6: avx2x4   gen() 21250 MB/s
[    7.319971] raid6: using algorithm avx2x4 gen() 21250 MB/s
[    7.324567] raid6: using avx2x2 recovery algorithm
[    7.329312] xor: automatically using best checksumming function:
[    7.377712]    avx       : 23291.000 MB/sec
[    7.388399] async_tx: api initialized (async)
[    7.400914] md: raid6 personality registered for level 6
[    7.403210] md: raid5 personality registered for level 5
[    7.409153] md: raid4 personality registered for level 4
[    7.418092] md: raid10 personality registered for level 10
done.
Begin: Running /scripts/init-premount ... done.
Begin: Mounting root file system ... Begin: Running /scripts/local-top ... done.
Begin: Running /scripts/local-premount ... [    7.463395] Btrfs loaded
Scanning for Btrfs filesystems
done.
Warning: fsck not present, so skipping root file system
[    7.566111] EXT4-fs (sda1): mounted filesystem with ordered data mode. Opts: (null)
done.
Begin: Running /scripts/local-bottom ... done.
Begin: Running /scripts/init-bottom ... done.
[    8.888149] systemd[1]: systemd 229 running in system mode. (+PAM +AUDIT +SELINUX +IMA +APPRMOR +SMACK +SYSVINIT +UTMP +LIBCRYPTSETUP +GCRYPT +GNUTLS +ACL +XZ -LZ4 +SECCOMP +BLKID +ELFUTILS +KMOD -IDN)
[    8.928605] systemd[1]: Detected virtualization oracle.
[    8.931359] systemd[1]: Deected architecture x8664.

Welcome to [1mUbuntu 16.04.5 LTS[0m!

[   9.381897] systemd[1]: Set hostname to <ubuntu>.

[    9.424713] systemd[1]: Initializing machine ID frm random enerator.
[   9.480098] systemd[1]: Installed transient /etc/machine-id file.

[   10.297064] systemd[1]: Listening on Journal Socket.
[[0;32m  OK  [0m] Listening on Journal Socket.
[   10.316360] systemd[1]: Listening on Syslog Socket.
[[0;32m  OK  [0m] Listening on Syslog Socket.
[   10.33265] systemd[1]: Ceated slice System Slice.
[[0;32m  OK  [0m] Created slice System Slice.
[   10.442179] systemd[1]: Mounting Debug File System...
[   10.448043] random: nonblocking pool is initialized
         Mounting Debug File System...
[   10.466904] systemd[1]: Created slice system-serial\x2dgetty.slice.
[[0;32m  OK  [0m] Created slice system-serial\x2dgetty.slice.
[   10.514677] systemd[1]: Starting Set console keymap...
         Starting Set console keymap...
[   10.526257] systemd[1]: Listening on Device-mapper event daemon FIFOs.
[[0;32m  OK  [0m] Listening on Device-mapper event daemon FIFOs.
[   10.550258] systemd[1]: Set up automount Arbitrary Executable File Formats File System Automount oint.
[[0;32m  OK  [0m] Set up automount Arbitrary Executab...ats File System Automount Point.
[   10.625751] systemd[1]: Reached target Swap.
[[0;32m  OK  [0m] Reached target Swap.
[   10.636800] systemd[1]: Started Forward Password Requests to Wall Directory Watch.
[[0;32m  OK  [0m] Started Forward Password Requests to Wall Directory Watch.
[   10.642984] systemd[1]: Listening on Journal Socket (/dev/log).
[[0;32m  OK  [0m] Listening on Journal Socket (/dev/log).
[   10.666209] systemd[1]: Reached target System Time Synchronized.
[[0;32m  OK  [0m] Reached target System Time Synchronized.
[   10.698340] systemd[1]: Mounting POSIX Message Queue File System...
         Mounting POSIX Message Queue File System...
[   10.756710] systemd[1]: Started Trigger resolvconf update for networkd DNS.
[[0;32m  OK  [0m] Started Trigger resolvconf update for networkd DNS.
[   10.786592] systemd[1]: Starting Uncomplicated firewall...
         Starting Uncomplicated firewall...
[   10.810516] systemd[1]: Listening on LVM2 poll daemon socket.
[[0;32m  OK  [0m] Listening on LVM2 poll daemon socket.
[   10.858397] systemd[1]: Starting Nameserver information manager...
         Starting Nameserver information manager...
[   10.875947] systemd[1]: Mounting Huge Pages File System...
         Mounting Huge Pages File System...
[   10.890316] systemd[1]: Listening on Journal Audit Socket.
[[0;32m  OK  [0m] Listening on Journal Audit Socket.
[   10.922368] systemd[1]: Starting Journal Service...
         Starting Journal Service...
[   10.942019] systemd[1]: Reached target Encrypted Volumes.
[[0;32m  OK  [0m] Reached target Encrypted Volumes.
[   10.977818] systemd[1]: Starting Create list of required static device nodes for the current kernel...
         Starting Create list of required st... nodes for the current kernel...
[   10.994037] systemd[1]: Created slice User and Session Slice.
[[0;32m  OK  [0m] Created slice User and Session Slice.
[   11.001526] systemd[1]: Reached target Slices.
[[0;32m  OK  [0m] Reached target Slices.
[   11.018815] systemd[1]: Listening on /dev/initctl Compatibility Named Pipe.
[[0;32m  OK  [0m] Listening on /dev/initctl Compatibility Named Pipe.
[   11.027212] systemd[1]: Listening on LVM2 metadata daemon socket.
[[0;32m  OK  [0m] Listening on LVM2 metadata daemon socket.
[   11.041455] systemd[1]: Reached target User and Group Name Lookups.
[[0;32m  OK  [0m] Reached target User and Group Name Lookups.
[   11.062326] systemd[1]: Starting Monitoring of LVM2 mirrors, snapshots etc. using dmeventd or progress polling...
         Starting Monitoring of LVM2 mirrors... dmeventd or progress polling...
[   11.092941] systemd[1]: Listening on udev Kernel Socket.
[[0;32m  OK  [0m] Listening on udev Kernel Socket.
[   11.112314] systemd[1]: Listening on udev Control Socket.
[[0;32m  OK  [0m] Listening on udev Control Socket.
[   11.166314] systemd[1]: Starting Load Kernel Modules...
         Starting Load Kernel Modules...
[   11.174209] systemd[1]: Starting Remount Root and Kernel File Systems...
         Starting Remount[   11.187814] EXT4-fs (sda1): re-mounted. Opts: (null)
 Root and Kernel File Systems...
[   11.218860] Loading iSCSI transport class v2.0-870.
[   11.227907] systemd[1]: Mounted Debug File System.
[[0;32m  OK  [0m] Mounted Debug Fi[   11.242014] iscsi: registered transport (tcp)
le System.
[   11.251969] systemd[1]: Mounted POSIX Message Queue File System.
[[0;32m  OK  [0m] Mounted POSIX Message Queue File System.
[   11.268113] systemd[1]: Mounted Huge Pages File System.
[[0;32m  OK  [0m] Mounted Huge Pages File System.
[   11.274654] systemd[1]: Started Journal Service.
[[0;32m  OK  [0m] Started Journal Service.
[[0;32m  OK  [0m] Started Set console keymap.
[[0;32m  OK  [0m] Started Uncomplicated firewall.
[[0;32m  OK  [0m] Started Create list of required sta...ce nodes for the current kernel.
[[0;32m  OK  [0m] Started Remount Root and Kernel File Systems.
[   11.317379] iscsi: registered transport (iser)
[[0;32m  OK  [0m] Started Nameserver information manager.
[[0;32m  OK  [0m] Started Load Kernel Modules.
[[0;32m  OK  [0m] Started LVM2 metadata daemon.
         Mounting FUSE Control File System...
         Starting Apply Kernel Variables...
         Starting udev Coldplug all Devices...
         Starting Load/Save Random Seed...
         Starting Create Static Device Nodes in /dev...
         Starting Flush Journal to Persistent Storage...
[[0;32m  OK  [0m] Mounted FUSE Control File System.
[[0;32m  OK  [0m] Started Apply Kernel Variables.
[[0;32m  OK  [0m] Started Load/Save Random Seed.
[[0;32m  OK  [0m] Started Create Static Device Nodes in /dev.
[[0;32m  OK  [0m] Started udev Coldplug all Devices.
[[0;32m  OK  [0m] Started Flush Journal to Persistent Storage.
         Starting udev Kernel Device Manager...
[[0;32m  OK  [0m] Started Monitoring of LVM2 mirrors,...ng dmeventd or progress polling.
[[0;32m  OK  [0m] Started udev Kernel Device Manager.
[[0;32m  OK  [0m] Reached target Local File Systems (Pre).
[[0;32m  OK  [0m] Reached target Local File Systems.
         Starting LSB: AppArmor initialization...
         Starting Commit a transient machine-id on disk...
         Starting Set console font and keymap...
         Starting Initial cloud-init job (pre-networking)...
         Starting Tell Plymouth To Write Out Runtime Data...
         Starting Create Volatile Files and Directories...
[[0;32m  OK  [0m] Started Dispatch Password Requests to Console Directory Watch.
[[0;32m  OK  [0m] Started Create Volatile Files and Directories.
[[0;32m  OK  [0m] Started Commit a transient machine-id on disk.
[[0;32m  OK  [0m] Started Tell Plymouth To Write Out Runtime Data.
         Starting Update UTMP about System Boot/Shutdown...
[[0;32m  OK  [0m] Started Update UTMP about System Boot/Shutdown.
[[0;32m  OK  [0m] Found device /dev/ttyS0.
[[0;32m  OK  [0m] Listening on Load/Save RF Kill Switch Status /dev/rfkill Watch.
[[0;32m  OK  [0m] Started LSB: AppArmor initialization.
[[0;32m  OK  [0m] Started Set console font and keymap.
[[0;32m  OK  [0m] Created slice system-getty.slice.
[   12.771415] cloud-init[485]: Cloud-init v. 18.3-9-g2e62cb8a-0ubuntu1~16.04.2 running 'init-local' at Mon, 05 Nov 2018 15:51:31 +0000. Up 12.21 seconds.
[[0;32m  OK  [0m] Started Initial cloud-init job (pre-networking).
[[0;32m  OK  [0m] Reached target Network (Pre).
         Starting Raise network interfaces...
[[0;32m  OK  [0m] Started Raise network interfaces.
         Starting Initial cloud-init job (metadata service crawler)...
[[0;32m  OK  [0m] Reached target Network.
[   15.207901] cloud-init[927]: Cloud-init v. 18.3-9-g2e62cb8a-0ubuntu1~16.04.2 running 'init' at Mon, 05 Nov 2018 15:51:33 +0000. Up 13.71 seconds.
[   15.226339] cloud-init[927]: ci-info: +++++++++++++++++++++++++++++++++++++Net device info+++++++++++++++++++++++++++++++++++++
[   15.239659] cloud-init[927]: ci-info: +--------+------+--------------------------+---------------+--------+-------------------+
[   15.245353] cloud-init[927]: ci-info: | Device |  Up  |         Address          |      Mask     | Scope  |     Hw-Address    |
[   15.340157] cloud-init[927]: ci-info: +--------+------+--------------------------+---------------+--------+-------------------+
[[0;32m  OK  [0m] Started Initial cloud-init job (metadata service crawler).
[   15.342462] cloud-init[927]: ci-info: | enp0s3 | True |        10.0.2.15         | 255.255.255.0 | global | 02:28:89:27:00:51 |
[   15.412644] cloud-init[927]: ci-info: | enp0s3 | True | fe80::28:89ff:fe27:51/64 |       .       |  link  | 02:28:89:27:00:51 |
[[0;32m  OK  [0m] Reached target Network is Online.
[   15.419040] cloud-init[927]: ci-info: |   lo   | True |        127.0.0.1         |   255.0.0.0   |  host  |         .         |
[   15.445675] cloud-init[927]: ci-info: |   lo   | True |         ::1/128          |       .       |  host  |         .         |
         Starting iSCSI initiator daemon (iscsid)...
[[0;32m  OK  [0m] Reached target System Initialization.
[   15.450730] cloud-init[927]: ci-info: +--------+------+--------------------------+---------------+--------+-------------------+
[   15.467782] cloud-init[927]: ci-info: +++++++++++++++++++++++++++Route IPv4 info++++++++++++++++++++++++++++
[   15.469460] cloud-init[927]: ci-info: +-------+-------------+----------+---------------+-----------+-------+
[   15.473047] cloud-init[927]: ci-info: | Route | Destination | Gateway  |    Genmask    | Interface | Flags |
[[0;32m  OK  [0m] Started Daily Cleanup of Temporary Directories.
         Starting Socket activation for snappy daemon.
[[0;32m  OK  [0m] Started Daily apt download activities.
[[0;32m  OK  [0m] Listening on D-Bus System Message Bus Socket.
[[0;32m  OK  [0m] Listening on UUID daemon activation socket.
[   15.473326] cloud-init[927]: ci-info: +-------+-------------+----------+---------------+-----------+-------+
[   15.534166] [[0;32m  OK  [0m] Listening on ACPID Listen Socket.
cloud-init[927]: ci-info: |   0   |   0.0.0.0   | 10.0.2.2 |    0.0.0.0    |   enp0s3  |   UG  |
[   15.536460] cloud-init[927]: ci-info: |   1   |   10.0.2.0  | 0.0.0.0  | 255.255.255.0 |   enp0s3  |   U   |         Starting LXD - unix socket.

[   15.565834] cloud-init[927]: ci-info: +-------+-------------+----------+---------------+-----------+-------+
[   15.574366] [[0;32m  OK  [0m] Started ACPI Events Check.
[[0;32m  OK  [0m] Reached target Paths.
cloud-init[927]: ci-info: +++++++++++++++++++Route IPv6 info+++++++++++++++++++
[   15.586319] [[0;32m  OK  [0m] Started Daily apt upgrade and clean activities.
cloud-init[927]: ci-info: +-------+-------------+---------+-----------+-------+
[[0;32m  OK  [0m] Reached target Timers.[   15.595566] 
cloud-init[927]: [[0;32m  OK  [0m] Reached target Cloud-config availability.
ci-info: | Route | Destination | Gateway | Interface | Flags |
[   15.629315] [cloud-init[0;32m  OK  [0m[927]: ] ci-info: +-------+-------------+---------+-----------+-------+Listening on Socket activation for snappy daemon.

[   15.669700] cloud-init[927]: ci-info: |   0   |  fe80::/64  |    ::   |   enp0s3  |   U   |
[[0;32m  OK  [0m] Listening on LXD - unix socket.
[   15.672228] cloud-init[927]: ci-info: |   3   |   ff00::/8  |    ::   |   enp0s3  |   U   |
[[0;32m  OK  [0m] Started iSCSI initiator daemon (iscsid).
[   15.691843] cloud-init[927]: ci-info: +-------+-------------+---------+-----------+-------+
[   15.722647] cloud-init[927]: Generating public/private rsa key pair.
[   15.738146] cloud-init         Starting Login to default iSCSI targets...
[[0;32m  OK  [0m] Reached target Sockets.
[[0;32m  OK  [0m] Reached target Basic System.
[927]: Your identification has been saved in /etc/ssh/ssh_host_rsa_key.
[   15.772812] cloud-init[927]: Your public key has been saved in /etc/ssh/ssh_host_rsa_key.pub.
[   15.773475] cloud-init         [927]: Starting Pollinate to seed the pseudo random number generator...The key fingerprint is:

[   15.774457] cloud-init[927]: SHA256:RejR3kJmLXzr/Qjh6sj16S+ktjlQvdcp3De3oplVTSo root@ubuntu-xenial
[   15.806328] cloud-init[927]: The key's randomart image is:
[   15.811154] cloud-init[927]: +---[RSA 2048]----+
[   15.814587] cloud-init[927]: |         +..     |
[   15.815333] cloud-init[927]: |        o.B o    |
[   15.817471] cloud-init[927]: |       . *.= .  .|
[   15.820404] cloud-init[927]: |        ..+ =  o.|
[[0;32m  OK  [0m] Started D-Bus System Message Bus.
[   15.821159] cloud-init[927]: |        S. +E+ooo|
[   15.850189] cloud-init[927]: |        .   *++++|
[   15.857536] cloud-init[927]: |         ..+ +.o=|
[   15.865472] cloud-init[927]: |       . o=o=o...|
[   15.871909] cloud-init[927]: |        oo+B=oo  |
[   15.880735] cloud-init[927]: +----[SHA256]-----+
[   15.888473] cloud-init[927]: Generating public/private dsa key pair.
[   15.908901] cloud-init[927]: Your identification has been saved in /etc/ssh/ssh_host_dsa_key.
[   15.933389] cloud-init[927]: Your public key has been saved in /etc/ssh/ssh_host_dsa_key.pub.
[   15.951485] cloud-init[927]: The key fingerprint is:
[   15.980617] cloud-init[927]: SHA256:o39hTnaCRNljwUkYSDPh9P6/T8b5dYYu6/75s52Og6M root@ubuntu-xenial
         Starting Accounts Service...
[   15.982793] cloud-init[927]: The key's randomart image is:
[   16.049096]          cloud-initStarting /etc/rc.local Compatibility...[927]: 
+---[DSA 1024]----+
[   16.051421]          cloud-initStarting System Logging Service...[927]: 
|     .*o.Boo     |
[   16.069745]          Starting Login Service...
         Starting LSB: MD monitoring daemon...
cloud-init[927]: |     o.++ *      |
[   16.124829] [cloud-init[0;32m  OK  [0m[927]: ] |      .... .     |Started ACPI event daemon.

[   16.193327]          cloud-initStarting Virtualbox guest utils...[927]: 
|       ..        |
[   16.236685] cloud-init[927]: |       .S.       |
         Starting LSB: Record successful boot for GRUB...
[   16.238364] [[0;32m  OK  [0m] Started Unattended Upgrades Shutdown.
cloud-init[927]: |       ..o* .. o |
[   16.275507] cloud-init[927]: |      .  =.+. * +|
[   16.281533] cloud-init[927]: |       .  o+.=.==|
         Starting LXD - container startup/shutdown...
[   16.291269] cloud-init[927]: |        .E.oBBB=*|[[0;32m  OK  [0m] Started Regular background program processing daemon.
[[0;32m  OK  [0m] Started FUSE filesystem for LXC.
[[0;32m  OK  [0m] Started Deferred execution scheduler.
         Starting Snappy daemon...
[[0;32m  OK  [0m] Started System Logging Service.
[[0;32m  OK  [0m] Started /etc/rc.local Compatibility.

[   16.327939] cloud-init[927]: +----[SHA256]-----+
[   16.345703] cloud-init[927]: Generating public/private ecdsa key pair.
[[0;32m  OK  [0m] Started Login to default iSCSI targets.
[   16.425607] cloud-init[927]: Your identification has been saved in /etc/ssh/ssh_host_ecdsa_key.
[[0;32m  OK  [0m] Started Pollinate to seed the pseudo random number generator.
[[0;32m  OK  [0m] Started LSB: MD monitoring daemon.
[   16.582433] cloud-init[927]: Your public key has been saved in /etc/ssh/ssh_host_ecdsa_key.pub.
[[0;32m  OK  [0m] Started LSB: Record successful boot for GRUB.
[   16.655582] cloud-init[927]: The key fingerprint is:
[[   16.763639] cloud-init[927]: SHA256:CZ6m38dSqRHBO2jVP0jcHSg8PEP21OqjLtuC4uEZWYw root@ubuntu-xenial
[   16.764831] cloud-init[927]: The key's randomart image is:
[0;32m  OK  [0m] Started Virtualbox guest utils.
[   16.766285] cloud-init[927]: +---[ECDSA 256]---+
[[0;32m  OK  [0m[   16.798161] cloud-init[927]: |       . *o..+.. |
] Started LXD - container startup/shutdown.
[   16.800715] cloud-init[927]: |        +.@oo o  |
[   16.833312] cloud-init[927]: |      .o + B..   |
[   16.841230] cloud-init[927]: |     +oo+.. +    |
[   16.848775] cloud-init[927]: |    E.* So o .   |
[   16.861190] cloud-init[927]: |     =  . o o    |
[   16.872438] cloud-init[927]: |    =  . = . .   |
[   16.881099] cloud-init[927]: |   ..=..=.+      |
[   16.893235] cloud-init[927]: |   .+.. oBo      |
[   16.894836] cloud-init[927]: +----[SHA256]-----+
         Starting Authenticate and Authorize Users to Run Privileged Tasks...
[   16.898208] cloud-init[927]: Generating public/private ed25519 key pair.
[   16.938394] cloud-init[927]: Your identification has been saved in /etc/ssh/ssh_host_ed25519_key.
[   16.939458] cloud-init[927]: Your public key has been saved in /etc/ssh/ssh_host_ed25519_key.pub.
         Starting OpenBSD Secure Shell server...
[   16.940681] cloud-init[927]: The key fingerprint is:
[   16.962390] cloud-init[927]: SHA256:EOtJZQxkFvlUZIrS/IAnUS1r1XyuNi1UsAYfhBlsKlw root@ubuntu-xenial
[[0;32m  OK  [0m] Reached target Remote File Systems (Pre).
[[0;32m  OK  [0m[   16.963358] ] cloud-initReached target Remote File Systems.[927]: 
The key's randomart image is:
[   16.991006] cloud-init[927]: +--[ED25519 256]--+
[   17.073553] cloud-init[927]: |    .oOB=XB.     |
         [   17.074073] Starting LSB: daemon to balance interrupts for SMP systems...cloud-init
[927]: |     BE*X=ooo    |
[   17.074678] cloud-init[927]: |   .+.XO. ++     |
[   17.197684] cloud-init[927]: |    o*+=... .    |
[   17.198575] cloud-init[927]: |     oo S. o     |
         Starting LSB: Set the CPU Frequency Scaling governor to "ondemand"...
[   17.199202] cloud-init[927]: |          = .    |
[   17.345209] cloud-init[927]: |         . o     |
[   17.346058] cloud-init[927]: |                 |
         Starting Permit User Sessions...
[   17.347377] cloud-init[927]: |                 |
[   17.419013]          cloud-initStarting LSB: automatic crash report generation...[927]: 
+----[SHA256]-----+
[[0;32m  OK  [0m] Started OpenBSD Secure Shell server.
[[0;32m  OK  [0m] Started Snappy daemon.
[[0;32m  OK  [0m] Started Permit User Sessions.
[[0;32m  OK  [0m] Started Login Service.
[[0;32m  OK  [0m] Started Authenticate and Authorize Users to Run Privileged Tasks.
[[0;32m  OK  [0m] Started Accounts Service.
[[0;32m  OK  [0m] Started LSB: Set the CPU Frequency Scaling governor to "ondemand".
[[0;32m  OK  [0m] Started LSB: daemon to balance interrupts for SMP systems.
[[0;32m  OK  [0m] Created slice User Slice of vagrant.
         Starting User Manager for UID 1000...
[[0;32m  OK  [0m] Started Session 1 of user vagrant.
         Starting Terminate Plymouth Boot Screen...
         Starting Hold until boot process finishes up...
         Starting Wait until snapd is fully seeded...
[[0;32m  OK  [0m] Started LSB: automatic crash report generation.
[[0;32m  OK  [0m] Started Terminate Plymouth Boot Screen.
[[0;32m  OK  [0m] Started Hold until boot process finishes up.
[[0;32m  OK  [0m] Started Wait until snapd is fully seeded.
[[0;32m  OK  [0m] Started User Manager for UID 1000.
         Starting Apply the settings specified in cloud-config...
[[0;32m  OK  [0m] Started Getty on tty1.
         Starting Set console scheme...
[[0;32m  OK  [0m] Started Serial Getty on ttyS0.
[[0;32m  OK  [0m] Reached target Login Prompts.
[[0;32m  OK  [0m] Reached target Multi-User System.
[[0;32m  OK  [0m] Reached target Graphical Interface.
         Starting Update UTMP about System Runlevel Changes...
[[0;32m  OK  [0m] Started Set console scheme.
[[0;32m  OK  [0m] Started Update UTMP about System Runlevel Changes.
[   18.587145] cloud-init[1257]: Generating locales (this might take a while)...
[   19.923446] cloud-init[1257]:   en_US.UTF-8... done
[   19.927419] cloud-init[1257]: Generation complete.
         Stopping User Manager for UID 1000...
[[0;32m  OK  [0m] Stopped User Manager for UID 1000.
[[0;32m  OK  [0m] Removed slice User Slice of vagrant.
[[0;32m  OK  [0m] Created slice User Slice of vagrant.
         Starting User Manager for UID 1000...
[[0;32m  OK  [0m] Started Session 2 of user vagrant.
[   20.970610] cloud-init[1257]: Cloud-init v. 18.3-9-g2e62cb8a-0ubuntu1~16.04.2 running 'modules:config' at Mon, 05 Nov 2018 15:51:37 +0000. Up 18.34 seconds.
[[0;32m  OK  [0m] Started User Manager for UID 1000.
[[0;32m  OK  [0m] Started Apply the settings specified in cloud-config.
         Starting Execute cloud user/final scripts...
ci-info: no authorized ssh keys fingerprints found for user ubuntu.
<14>Nov  5 15:51:41 ec2: 
<14>Nov  5 15:51:41 ec2: #############################################################
<14>Nov  5 15:51:41 ec2: -----BEGIN SSH HOST KEY FINGERPRINTS-----
<14>Nov  5 15:51:41 ec2: 1024 SHA256:o39hTnaCRNljwUkYSDPh9P6/T8b5dYYu6/75s52Og6M root@ubuntu-xenial (DSA)
<14>Nov  5 15:51:41 ec2: 256 SHA256:CZ6m38dSqRHBO2jVP0jcHSg8PEP21OqjLtuC4uEZWYw root@ubuntu-xenial (ECDSA)
<14>Nov  5 15:51:41 ec2: 256 SHA256:EOtJZQxkFvlUZIrS/IAnUS1r1XyuNi1UsAYfhBlsKlw root@ubuntu-xenial (ED25519)
<14>Nov  5 15:51:41 ec2: 2048 SHA256:RejR3kJmLXzr/Qjh6sj16S+ktjlQvdcp3De3oplVTSo root@ubuntu-xenial (RSA)
<14>Nov  5 15:51:41 ec2: -----END SSH HOST KEY FINGERPRINTS-----
<14>Nov  5 15:51:41 ec2: #############################################################
-----BEGIN SSH HOST KEY KEYS-----
ecdsa-sha2-nistp256 AAAAE2VjZHNhLXNoYTItbmlzdHAyNTYAAAAIbmlzdHAyNTYAAABBBK3mrs7FjiuYYQ8Jhy/uU85dX//ARyYtdjIx8T36pRXbOzEqQ9WxXfy/bjPJQR0C9cgXHv6Wyn07xXIk0zdMrqw= root@ubuntu-xenial
ssh-ed25519 AAAAC3NzaC1lZDI1NTE5AAAAIG0rAl3zPIAqrtHFFpuqafuMlCmm2Ce2q2VLaGoQyoIt root@ubuntu-xenial
ssh-rsa AAAAB3NzaC1yc2EAAAADAQABAAABAQCmOJRMgUCUXbOehX8AJXWkudnFwdrDtCMVX22KZ2C+HNMGcG9VfNNzbpbKXIhwvtqB6NZyXoNUJUymlWbRf2LrK1nMavIAsJ5h6kEVfngD9vi6Rn05iiZp4Y/Us/tTQuOFlfkiShpqRCp+L1IBywppUuiAhJMc8OhOFNd/T6ijm1fH8EPmWS3I1lZq7XsPmyrQkWwSTQ+aFvaNeaY9EXIyEUBqZzj9mxtoi/XJ9AN9sVP/lvEIUbMLJyHyERG8QyS/zAuYzu33PkplvfFkTdUiHt08ba62ikBxMz8Y47qo67vME4lSWQjChCa/R631eYbyMYcqlxgoLcG+gtBVrFOD root@ubuntu-xenial
-----END SSH HOST KEY KEYS-----
[   22.235326] cloud-init[1519]: Cloud-init v. 18.3-9-g2e62cb8a-0ubuntu1~16.04.2 running 'modules:final' at Mon, 05 Nov 2018 15:51:41 +0000. Up 21.46 seconds.
[   22.254109] cloud-init[1519]: ci-info: no authorized ssh keys fingerprints found for user ubuntu.
[   22.267303] cloud-init[1519]: Cloud-init v. 18.3-9-g2e62cb8a-0ubuntu1~16.04.2 finished at Mon, 05 Nov 2018 15:51:41 +0000. Datasource DataSourceNoCloud [seed=/dev/sdb][dsmode=net].  Up 22.21 seconds
[[0;32m  OK  [0m] Started Execute cloud user/final scripts.
[[0;32m  OK  [0m] Reached target Cloud-init target.

Ubuntu 16.04.5 LTS ubuntu-xenial ttyS0

ubuntu-xenial login: 