[    0.000000] Initializing cgroup subsys cpuset
[    0.000000] Initialiing cgroup subsys cpu
[    0.000000] Initializng cgoup subsys cpuacct
[    0.000000] Linux version .4.0-137-gneric (builddlgw01-amd64-037) (gcc version 5.4.0 20160609 (Ubuntu 5.4.0-6ubuntu1~16.04.10) ) #163-Ubuntu SMP Mon Sp 24 13:14:43 UTC 2018 (Ubuntu .4.0-37.163-generic 4.4.144)
[    0.0000000] Command line: BOOT_IAGE=/boot/vmlinuz-4.4.0-137-generic root=LABEL=cloudig-rootfs o console=tty1 console=ttyS0
[    0.000000] KERNEL suported cpus:
[    0.000000]   Intel GenuineIntel
[    0.000000]   AMD AuthenticAMD
[    0.000000]   Centaur CentaurHauls
[    0.000000] x86/fpu: xstate_offset[2]:  576, xstate_sizes[2]:  256
[    .000000] x86/fpu: Supporting XSAVE feature 0x01: 'x87 floating point registers'
[    0.000000] x86/fpu: Suporting XSAVE feature 0x02: 'SSE registers'
[    0.000000] x86/fpu: Supporting XSAVE feature 0x04: 'AVX registers'
[    0.000000] x86/fpu: Enabled xstate features 0x7, context size is 832 bytes, using 'standard' format.
[    0.000000] e820: BIOS-provided physical RAM map:
[    0.000000] BIS-e820: [mem x000000000000000-0x000000000009bff] usale
[    0.000000] BIOS-e820: [mem 0x000000000009fc00-0x000000000009ffff] reserved
[    0.000000] BIOS-e820: [mem 0x000000000000f0000-0x00000000000fffff] reserved
[    0.000000] BIOS-e820: [mem 0x0000000000100000-0x000000003ffefff] usable
[    0.000000] BIOS-e820: [mem 0x000000003fff0000-0x000000003fffffff] ACPI data
    0.000000] BIOS-e820: [mem 0x00000000fec00000-0x00000000fec00fff] reserved
[    0.000000] BIOS-e820: [mem 0x00000000fee00000-0x00000000fee00fff] reserved
[    0.000000] BIOS-e820:[mem 0x00000000fffc000-0x0000000ffffffff] reserved
[    0.000000] NX (Execute Disable) protection: active
[    0.000000] SMIOS 2.5 present.
[    0.000000] Hypervisor detected: KVM
[   0.00000] e820: last_pfn = 0x3fff0 max_arch_pfn = 0x400000000
[    0.000000] MTRR: Disabled
[    0.000000] x86/PAT: MTRRs disabled, skipping PAT initialization too.
[    0.000000] CPU MTRRs all blank - virtualized system.
[    0.000000] x86/PAT: Configuration [0-7]: WB  WT  UC- UC  WB  WT  UC- UC  
[    0.000000] found SMP MP-table at [mem 0x0009fff0-0x0009ffff] mapped at [ffff88000009fff0]
[    0.000000] Scanning 1 areas for low memory corruption
[    0.000000] RAMDISK: [mem 0x3630e000-0x3717efff]
[    0.000000] ACPI: Early table checksum verification disabled
[    0.000000] ACPI: RSDP 0x00000000000E0000 000024 (v02 VBOX  )
[    0.000000] ACPI: XSDT 0x000000003FFF0030 00003C (v01 VBOX   VBOXXSDT 00000001 ASL  00000061)
[    0.000000] ACPI: FACP 0x000000003FFF000F0 0000F4 (v04 VBOX   VBOXFACP 00000001 ASL  00000061)
[    0.000000] ACPI: DSDT 0x000000003FFF0470 0021FF (v02 VBOX   VBOXBIOS00000002 INTL 20100528)
[    0.000000] ACPI: ACS 0x000000003FFF0200 000040
[    0.00000] ACPI: FACS 0x000000003FFF0200 000040
[    0.000000] ACPI: APIC 0x000000003FFF0240 00005C (v02 VBOX   VBOXAPIC 00000001 ASL  00000061)
[    0.000000] ACPI: SSDT 0x000000003FFF02A0 0001CC (v01 VBOX   VBOXCPUT 00000002 INTL 20100528)
[    0.000000] No NMA configuration foud
[    0.000000] Faking a node at [mem 0x0000000000000000-0x000000003ffeffff]
[    0.000000] NODE_DATA(0) allocated [mem 0x3ffeb000-0x3ffeffff]
[    0.000000] kvm-clock: Using msrs 4b564d01 and 4b564d00
[    0.000000] kvm-clock: cpu 0, msr 0:3ffe3001, primary cpu clock
[    0.000000] kvm-clock: using sched offset of 7655895953 cycles
[    0.000000] clocksource: kvm-clock: mask: 0xffffffffffffffff max_cycles: 0x1cd42e4dffb, mmax_idle_ns: 881590591483 ns
[    0.000000] Zone ranges:
[    0.000000]   DMA      [mem 0x0000000000001000-0x0000000000ffffff]
[    0.000000]   DMA32    [mem 0x0000000001000000-0x000000003ffeffff]
[    0.000000]   Normal   empty
[    0.000000]   Device   empty
[    0.000000] Movable zone start for each node
[    0.000000] Early memory node ranges
[    0.000000]   node   0: [mem 0x000000000000100-0x00000000009eff]
[    0.000000]   node   0: [mem 0x0000000000100000-0x000000003ffeffff]
[   0.000000] Intmem setup node 0 [mem 0x0000000000001000-0x000000003ffeffff]
[    0.000000] ACPI: PM-Timer IO Port: 0x4008
[    0.000000] IOAPIC[0]: apic_id 2, version 32, address 0xfec00000, GSI 0-23
[    0.000000] ACPI: INT_SRC_OVR (bus 0 bus_irq 0 global_irq 2 dfl dfl)
[    0.000000] ACPI: INT_SRC_OVR (bus 0 bus_irq 9 global_irq 9 low level)
[    0.000000] Using ACPI (MADT) for SMP configuration information
[    0.000000] smpboot: Allowing 2 CPUs, 0 hotplug CPUs
[    0.000000] PM: Registered nosave memory: [mem 0x00000000-0x00000fff]
[    0.000000] PM: Registered nosave memory: [mem 0x0009f000-0x0009ffff]
[    0.000000] PM: Registered nosave memory: [mem 0x000a0000-0x000effff]
[    0.000000] PM: Registered nosave memory: [mem 0x000f0000-0x000fffff]
[    0.000000] e820: [mem 0x400000000-0xfebfffff] available for PCI devices
[    0.000000] Booting paravirtualized kernel on KVM
[    0.000000] clocksource: refined-jiffies: mask: 0xffffffff max_cycles: 0xffffffff, max_idle_ns: 7645519600211568 ns
[    0.000000] setup_percpu: NR_CPUS:512 nr_cpumask_bits:512 nr_cpu_ids:2 nr_node_ids:1
[    0.000000] PERCPU: Embedded 34 pages/cpu @ffff88003fc00000 s99608 r8192 d31464 u1048576
[    0.000000] PV qspinlock hash table entries: 256 (order: 0, 4096 bytes)
[    0.000000] Built 1 zonelists in Node order, mobility grouping on.  Total pages: 257912
[    0.000000] Policy zone: DMA32
[    0.000000] Kernel command line: BOOT_IMAGE=/boot/vmlinuz-4.4.0-137-generic root=LABEL=cloudimg-rootfs ro console=tty1 console=ttyS0
[    0.000000] PID hash table entries: 4096 (order: 3, 32768 bytes)
[    0.000000] Memory: 997716K/1048120K available (8555K kernel code, 1314K rwdata, 4004K rodata, 1528K init, 1316K bss, 50404K reserved, 0K cma-reserved)
[    0.000000] SLUB: HWalign=64, Order=0-3, MinObjects=0, CPUs=2, Nodes=1
[    0.000000] Kernel/User page tables isolation: enabled
[    0.000000] Hierarchical RCU implementation.
[    0.000000] 	Build-time adjustment of leaf fanout to 64.
[    0.000000] 	RCU restricting CPUs from NR_CPUS=512 to nr_cpu_ids=2.
[    0.000000] RCU: Adjusting geometry for rcu_fanout_leaf=64, nr_cpu_ids=2
[    0.000000] NR_IRQS:33024 nr_irqs:440 16
[    0.000000] Console: colour VGA+ 80x25
[    0.000000] console [tty1] enabled
[    0.000000] console [ttyS0] enabled
[    0.000000] tsc: Detected 1599.999 MHz processor
[    0.998099] Calibrating delay loop (skipped) preset value.. 3199.99 BogoMIPS (lpj=6399996)
[    1.001422] pid_max: default: 32768 minimum: 301
[    1.003522] ACPI: Core revision 20150930
[    1.005899] ACPI: 2 ACPI AML tables successfully acquired and loaded
[    1.021770] Security Framework initialized
[    1.029959] Yama: becoming mindful.
[    1.037692] AppArmor: AppArmor initialized
[    1.040264] Dentry cache hash table entries: 131072 (order: 8, 1048576 bytes)
[    1.048696] Inode-cache hash table entries: 65536 (order: 7, 524288 bytes)
[    1.055636] Mount-cache hash table entries: 2048 (order: 2, 16384 bytes)
[    1.069792] Mountpoint-cache hash table entries: 2048 (order: 2, 16384 bytes)
[    1.078138] Initializing cgroup subsys io
[    1.081067] Initializing cgroup subsys memory
[    1.083117] Initializing cgroup subsys devices
[    1.085061] Initializing cgroup subsys freezer
[    1.087158] Initializing cgroup subsys net_cls
[    1.092795] Initializing cgroup subsys perf_event
[    1.106116] Initializing cgroup subsys net_prio
[    1.108540] Initializing cgroup subsys hugetlb
[    1.110254] Initializing cgroup subsys pids
[    1.112933] mce: CPU supports 0 MCE banks
[    1.114290] Last level iTLB entries: 4KB 64, 2MB 8, 4MB 8
[    1.115971] Last level dTLB entries: 4KB 64, 2MB 0, 4MB 0, 1GB 4
[    1.117860] Spectre V2 : Mitigation: Full generic retpoline
[    1.120006] Spectre V2 : Spectre v2 mitigation: Speculation control IBPB not-supported IBRS not-supported
[    1.122815] Spectre V2 : Spectre v2 / SpectreRSB mitigation: Filling RSB on context switch
[    1.125839] Speculative Store Bypass: Vulnerable
[    1.130377] Freeing SMP alternatives memory: 32K
[    1.147479] ftrace: allocating 32265 entries in 127 pages
[    1.210079] smpboot: APIC(0) Converting physical 0 to logical package 0
[    1.214291] smpboot: Max logical packages: 1
[    1.221682] x2apic enabled
[    1.225742] Switched APIC routing to physical x2apic.
[    1.229102] ..TIMER: vector=0x30 apic1=0 pin1=2 apic2=-1 pin2=-1
[    1.336990] smpboot: CPU0: Intel(R) Core(TM) i5-5250U CPU @ 1.60GHz (family: 0x6, model: 0x3d, stepping: 0x4)
[    1.349268] Performance Events: unsupported p6 CPU model 61 no PMU driver, software events only.
[    1.377999] KVM setup paravirtual spinlock
[    1.392860] x86: Booting SMP configuration:
[    1.401962] .... node  #0, CPUs:      #1
[    1.404154] kvm-clock: cpu 1, msr 0:3ffe3041, secondary cpu clock
[    1.407354] mce: CPU supports 0 MCE banks
[    1.410756] x86: Booted up 1 node, 2 CPUs
[    1.417964] smpboot: Total of 2 processors activated (6399.99 BogoMIPS)
[    1.433900] devtmpfs: initialized
[    1.437964] evm: security.selinux
[    1.440570] evm: security.SMACK64
[    1.443275] evm: security.SMACK64EXEC
[    1.447770] evm: security.SMACK64TRANSMUTE
[    1.458307] evm: security.SMACK64MMAP
[    1.462433] evm: security.ima
[    1.469710] evm: security.capability
[    1.472708] clocksource: jiffies: mask: 0xffffffff max_cycles: 0xffffffff, max_idle_ns: 7645041785100000 ns
[    1.482301] futex hash table entries: 512 (order: 3, 32768 bytes)
[    1.485142] pinctrl core: initialized pinctrl subsystem
[    1.487304] RTC time: 15:29:29, date: 11/05/18
[    1.492401] NET: Registered protocol family 16
[    1.505306] cpuidle: using governor ladder
[    1.517039] cpuidle: using governor menu
[    1.522113] PCCT header not found.
[    1.524248] ACPI: bus type PCI registered
[    1.526418] acpiphp: ACPI Hot Plug PCI Controller Driver version: 0.5
[    1.529698] PCI: Using configuration type 1 for base access
[    1.558193] ACPI: Added _OSI(Module Device)
[    1.560157] ACPI: Added _OSI(Processor Device)
[    1.574415] ACPI: Added _OSI(3.0 _SCP Extensions)
[    1.577779] ACPI: Added _OSI(Processor Aggregator Device)
[    1.584076] ACPI: Executed 1 blocks of module-level executable AML code
[    1.600083] ACPI: Interpreter enabled
[    1.608701] ACPI: (supports S0 S5)
[    1.612791] ACPI: Using IOAPIC for interrupt routing
[    1.617673] PCI: Using host bridge windows from ACPI; if necessary, use "pci=nocrs" and report a bug
[    1.640978] ACPI: PCI Root Bridge [PCI0] (domain 0000 [bus 00-ff])
[    1.645146] acpi PNP0A03:00: _OSC: OS supports [ASPM ClockPM Segments MSI]
[    1.649722] acpi PNP0A03:00: _OSC: not requesting OS control; OS requires [ExtendedConfig ASPM ClockPM MSI]
[    1.654115] acpi PNP0A03:00: fail to add MMCONFIG information, can't access extended PCI configuration space under this bridge.
[    1.658887] PCI host bridge to bus 0000:00
[    1.664888] pci_bus 0000:00: root bus resource [io  0x0000-0x0cf7 window]
[    1.672777] pci_bus 0000:00: root bus resource [io  0x0d00-0xffff window]
[    1.679085] pci_bus 0000:00: root bus resource [mem 0x000a0000-0x000bffff window]
[    1.682104] pci_bus 0000:00: root bus resource [mem 0x40000000-0xfdffffff window]
[    1.688563] pci_bus 0000:00: root bus resource [bus 00-ff]
[    1.695160] pci 0000:00:01.1: legacy IDE quirk: reg 0x10: [io  0x01f0-0x01f7]
[    1.703788] pci 0000:00:01.1: legacy IDE quirk: reg 0x14: [io  0x03f6]
[    1.711452] pci 0000:00:01.1: legacy IDE quirk: reg 0x18: [io  0x0170-0x0177]
[    1.724482] pci 0000:00:01.1: legacy IDE quirk: reg 0x1c: [io  0x0376]
[    1.764334] pci 0000:00:07.0: quirk: [io  0x4000-0x403f] claimed by PIIX4 ACPI
[    1.774584] pci 0000:00:07.0: quirk: [io  0x4100-0x410f] claimed by PIIX4 SMB
[    1.795648] ACPI: PCI Interrupt Link [LNKA] (IRQs 5 9 10 *11)
[    1.800350] ACPI: PCI Interrupt Link [LNKB] (IRQs 5 9 *10 11)
[    1.808158] ACPI: PCI Interrupt Link [LNKC] (IRQs 5 *9 10 11)
[    1.811740] ACPI: PCI Interrupt Link [LNKD] (IRQs 5 9 10 *11)
[    1.820312] ACPI: Enabled 2 GPEs in block 00 to 07
[    1.823315] vgaarb: setting as boot device: PCI:0000:00:02.0
[    1.825598] vgaarb: device added: PCI:0000:00:02.0,decodes=io+mem,owns=io+mem,locks=none
[    1.832544] vgaarb: loaded
[    1.836284] vgaarb: bridge control possible 0000:00:02.0
[    1.838797] SCSI subsystem initialized
[    1.842669] ACPI: bus type USB registered
[    1.850921] usbcore: registered new interface driver usbfs
[    1.853453] usbcore: registered new interface driver hub
[    1.855603] usbcore: registered new device driver usb
[    1.862540] PCI: Using ACPI for IRQ routing
[    1.872750] NetLabel: Initializing
[    1.874264] NetLabel:  domain hash size = 128
[    1.876001] NetLabel:  protocols = UNLABELED CIPSOv4
[    1.877996] NetLabel:  unlabeled traffic allowed by default
[    1.886273] amd_nb: Cannot enumerate AMD northbridges
[    1.895748] clocksource: Switched to clocksource kvm-clock
[    1.911428] AppArmor: AppArmor Filesystem Enabled
[    1.922715] pnp: PnP ACPI init
[    1.925408] pnp: PnP ACP: found 3 devices

[    1.96553] locksource: acpi_pm: mask: 0xffffff max_cycles: 0xffffff, max_idle_ns: 2085701024 ns
[    2.019101] NET: Registered protocol family 2

[    2.021219] TCP established hash table entries: 8192 (order: 4, 65536 bytes)
[    2.023456] TCP bind hash table entries: 8192 (order: 5, 131072 bytes)
[    2.025484] TCP: Hash tables configured (established 8192 bind 8192)
[    2.027410] UDP hash table entries: 512 (order: 2, 16384 bytes)
[    2.029241] UDP-Lite hash table entries: 512 (order: 2, 16384 bytes)
[    2.031202] NET: Registered protocol family 1
[    2.032665] pci 0000:00:00.0: Limiting direct PCI/PCI transfers
[    2.0494] pci 0000:00:01.0: Activating ISA DMA hang worarounds
[    2.114839] Unpacking initramfs..

[    2.407867] Freeing initrd memory: 14788K
[    2.409636] RAPL PMU detected, API unit is 2^-32 Joules, 4 fixed counters 1073741824 ms vf timer
[   2.487895] hw unit of domain pp0-cor 2^-0 Joules

[    2.540960] hw unit of domain package 2^-0 Joules
[    2.545864] hw unit of domain dram 2^-0 Joules
[    2.560977] hw unit of domain pp1-gpu 2^-0 Joules
[    2.562878] platform rtc_cmo: registred latform RTC device (no NP deice found)
[    2.692916] Scanning for low memory corruption every 60 seconds

[    2.696565] audit: initializing netlink subsys (disabled)
[    2.699234] audit: type=2000 audit(1541431778.620:1): initialized
[    2.705758] Initialise system trusted keyring
[    2.708801] HugeTLB registered 2 MB page size, pre-allocated 0 pages
[    2.721894] zbud: loaded
[    2.724978] VFS: Disk quotas dquot_6.6.0
[    2.728077] VFS: Dquot-cache hash table entries: 512 (order 0, 4096 bytes)
[    2.733460] squashfs: version 4.0 (2009/01/31) Phillip Lougher
[    2.744238] fuse init (API version 7.23)
[    2.759678] Key type big_key registered
[    2.76381] Allocating IMA MOK and blacklist keyrings.
[    2.814998] Key type asymmetric registered
[    2.816791] Asymmetric key parser 'x509' registered
[    2.829387] Block layer SCSI generic (bsg) driver version 0.4 loaded (major 249)
[    2.834767] io scheduler noop registered
[    2.844831] io scheduler deadline registered (default)
[    2.849465] io scheduler cfq registered
[    2.853736] pci_hotplug: PCI Hot Plug PCI Core version: 0.5
[    2.857956] pciehp: PCI Express Hot Plug Controller Driver version: 0.4
[    2.865785] ACPI: AC Adapter [AC] (off-line)
[    2.867489] input: Power Button as /devices/LNXSYSTM:00/LNXPWRBN:00/input/input0
[    2.871494] ACPI: Power Button [PWRF]
[    2.877134] input: Sleep Button as /devices/LNXSYSTM:00/LNXSLPBN:00/input/input1
[    2.882379] ACPI: Sleep Button [SLPF]
[    2.889472] GHES: HEST is not enabled!
[    2.891098] ACPI: Battery Slot [BAT0] (battery present)
[    2.898291] Serial: 8250/16550 driver, 32 ports, IRQ sharing enabled
[    2.927440] 00:02: ttyS0 at I/O 0x3f8 (irq = 4, base_baud = 115200) is a 16550A
[    2.936702] Linux agpgart interface v0.103
[    2.941580] loop: module loaded
[    2.946704] scsi host0: ata_piix
[    2.949540] scsi host1: ata_piix
[    2.960718] ata1: PATA max UDMA/33 cmd 0x1f0 ctl 0x3f6 bmdma 0xd000 irq 14
[    2.96456] ata2: PATA max UDMA/33 cm 0x170 ctl 0x376 bmdma 0xd008 irq 1

[    3.042941] libph: Fixed MDIO Bus: probed

[    3.070569] tun: Universal TUN/TAP device driver, 1.6
[    3.072781] tun: (C) 1999-2004 Max Krasnyansky <maxk@qualcomm.com>

[    3.100481] PPP generic driver version 2.4.2
[    3.105738] ehci_hcd: USB 2.0 'Enhanced' Host Controller (EHCI) Driver
[    3.110177] ehci-pci: EHCI PCI platform driver
[    3.117253] ehci-platform: EHCI generic platform driver
[    3.121976] ohci_hcd: USB 1.1 'Open' Host Controller (OHCI) Driver
[    3.129376] ohci-pci: OHCI PCI platform driver
[    3.134076] ohci-platform: OHCI generic platform driver
[    3.138001] uhci_hcd: USB Universal Host Controller Interface driver
[    3.146164] i8042: PNP: PS/2 Controller [PNP0303:PS2K,PNP0f03:PS2M] at 0x60,0x64 irq 1,12
[    3.150041] serio: i8042 KBD port at 0x60,0x64 irq 1
[    3.151619] serio: i8042 AUX port at 0x60,0x64 irq 12
[    3.161463] mousedev: PS/2 mouse device common for all mice
[    3.164379] input: AT Translated Set 2 keyboard as /devices/platform/i8042/serio0/input/input2
[    3.173185] rtc_cmos rtc_cmos: rtc core: registered rtc_cmos as rtc0
[    3.176911] rtc_cmos rtc_cmos: alarms up to one day, 114 bytes nvram
[    3.179299] i2c /dev entries driver
[    3.180943] device-mapper: uevent: version 1.0.3
[    3.185964] device-mapper: ioctl: 4.34.0-ioctl (2015-10-28) initialised: dm-devel@redhat.com
[    3.190849] ledtrig-cpu: registered to indicate activity on CPUs
[    3.201829] NET: Registered protocol family 10
[    3.204002] NET: Registered protocol family 17
[    3.213949] Key type dns_resolver registered
[    3.216800] registered taskstats version 1
[    3.221504] Loading compiled-in X.509 certificates
[    3.231001] Loaded X.509 cert 'Build time autogenerated kernel key: 20acc96b50ca7641011eace69d32209215a9b56f'
[    3.246138] zswap: loaded using pool lzo/zbud
[    3.250327] Key type trusted registered
[    3.257074] Key type encrypted registered
[    3.259311] AppArmor: AppArmor sha1 policy hashing enabled
[    3.265663] ima: No TPM chip found, activating TPM-bypass!
[    3.277863] ima: Allocated hash algorithm: sha1
[    3.282428] evm: HMAC attrs: 0x1
[    3.289186]   Magic number: 10:921:486
[    3.290827] rtc_cmos rtc_cmos: setting system clock to 2018-11-05 15:29:30 UTC (1541431770)
[    3.301640] BIOS EDD facility v0.16 2004-Jun-25, 0 devices found
[    3.304526] EDD information not available.
[    3.311065] Freeing unused kernel memory: 1528K
[    3.332549] Write protecting the kernel read-only data: 14336k
[    3.339534] Freeing unused kernel memory: 1672K
[    4.343032] tsc: Refined TSC clocksource calibration: 1599.691 MHz
[    5.289002] clocksource: tsc: mask: 0xffffffffffffffff max_cycles: 0x170f011c5d7, max_idle_ns: 440795231907 ns
[    5.293495] Freeing unused kernel memory: 92K
Loading, please wait...
starting version[    5.317646] random: systemd-udevd: uninitialized urandom read (16 bytes read, 5 bits of entropy available)
 229
[    5.318687] random: udevadm: uninitialized urandom read (16 bytes read, 5 bits of entropy available)
[    5.318710] random: udevadm: uninitialized urandom read (16 bytes read, 5 bits of entropy available)
[    5.327858] random: udevadm: uninitialized urandom read (16 bytes read, 5 bits of entropy available)
[    5.327907] random: udevadm: uninitialized urandom read (16 bytes read, 5 bits of entropy available)
[    5.328157] random: udevadm: uninitialized urandom read (16 bytes read, 5 bits of entropy available)
[    5.328219] random: udevadm: uninitialized urandom read (16 bytes read, 5 bits of entropy available)
[    5.328276] random: udevadm: uninitialized urandom read (16 bytes read, 5 bits of entropy available)
[    5.328333] random: udevadm: uninitialized urandom read (16 bytes read, 5 bits of entropy available)
[    5.328384] random: udevadm: uninitialized urandom read (16 bytes read, 5 bits of entropy available)
[    5.410139] e1000: Intel(R) PRO/1000 Network Driver - version 7.3.21-k8-NAPI
[    5.413101] e1000: Copyright (c) 1999-2006 Intel Corporation.
[    5.418700] Fusion MPT base driver 3.04.20
[    5.430045] Copyright (c) 1999-2008 LSI Corporation
[    5.443591] Fusion MPT SPI Host driver 3.04.20
[    5.451133] AVX2 version of gcm_enc/dec engaged.
[    5.459390] AES CTR mode by8 optimization enabled
[    5.628352] input: ImExPS/2 Generic Explorer Mouse as /devices/platform/i8042/serio1/input/input4
[    5.862980] e1000 0000:00:03.0 eth0: (PCI:33MHz:32-bit) 02:28:89:27:00:51
[    5.865437] e1000 0000:00:03.0 eth0: Intel(R) PRO/1000 Network Connection
[    5.879726] mptbase: ioc0: Initiating bringup
[    5.880469] e1000 0000:00:03.0 enp0s3: renamed from eth0
[    5.964514] ioc0: LSI53C1030 A0: Capabilities={Initiator}
[    6.147606] scsi host2: ioc0: LSI53C1030 A0, FwRev=00000000h, Ports=1, MaxQ=256, IRQ=20
[    6.264809] scsi 2:0:0:0: Direct-Access     VBOX     HARDDISK         1.0  PQ: 0 ANSI: 5
[    6.273666] scsi target2:0:0: Beginning Domain Validation
[    6.297998] scsi target2:0:0: Domain Validation skipping write tests
[    6.300139] scsi target2:0:0: Ending Domain Validation
[    6.312818] scsi target2:0:0: asynchronous
[    6.326428] scsi 2:0:1:0: Direct-Access     VBOX     HARDDISK         1.0  PQ: 0 ANSI: 5
[    6.333843] scsi target2:0:1: Beginning Domain Validation
[    6.342804] scsi target2:0:1: Domain Validation skipping write tests
[    6.346805] scsi target2:0:1: Ending Domain Validation
[    7.142391] scsi target2:0:1: asynchronous
[    7.159838] sd 2:0:0:0: [sda] 20971520 512-byte logical blocks: (10.7 GB/10.0 GiB)
[    7.159993] sd 2:0:0:0: Attached scsi generic sg0 type 0
[    7.163999] sd 2:0:1:0: Attached scsi generic sg1 type 0
[    7.164731] sd 2:0:1:0: [sdb] 20480 512-byte logical blocks: (10.5 MB/10.0 MiB)
[    7.164993] sd 2:0:1:0: [sdb] Write Protect is off
[    7.165172] sd 2:0:1:0: [sdb] Incomplete mode parameter data
[    7.165174] sd 2:0:1:0: [sdb] Assuming drive cache: write through
[    7.169083] sd 2:0:1:0: [sdb] Attached SCSI disk
[    7.220437] sd 2:0:0:0: [sda] Write Protect is off
[    7.223104] sd 2:0:0:0: [sda] Incomplete mode parameter data
[    7.225580] sd 2:0:0:0: [sda] Assuming drive cache: write through
[    7.232183]  sda: sda1
[    7.235000] sd 2:0:0:0: [sda] Attached SCSI disk
Begin: Loading essential drivers ... [    8.835062] md: linear personality registered for level -1
[    8.852567] md: multipath personality registered for level -4
[    8.858378] md: raid0 personality registered for level 0
[    8.864314] md: raid1 personality registered for level 1
[    8.935873] raid6: sse2x1   gen()  8105 MB/s
[    9.008339] raid6: sse2x1   xor()  6111 MB/s
[    9.075880] raid6: sse2x2   gen()  9591 MB/s
[    9.152086] raid6: sse2x2   xor()  6617 MB/s
[    9.221846] raid6: sse2x4   gen() 11561 MB/s
[    9.296050] raid6: sse2x4   xor()  8016 MB/s
[    9.367933] raid6: avx2x1   gen() 15718 MB/s
[    9.443886] raid6: avx2x2   gen() 17827 MB/s
[    9.524083] raid6: avx2x4   gen() 20625 MB/s
[    9.526231] raid6: using algorithm avx2x4 gen() 20625 MB/s
[    9.532357] raid6: using avx2x2 recovery algorithm
[    9.536767] xor: automatically using best checksumming function:
[    9.580046]    avx       : 21425.000 MB/sec
[    9.583624] async_tx: api initialized (async)
[    9.604469] md: raid6 personality registered for level 6
[    9.613821] md: raid5 personality registered for level 5
[    9.622202] md: raid4 personality registered for level 4
[    9.655854] md: raid10 personality registered for level 10
done.
Begin: Running /scripts/init-premount ... done.
Begin: Mounting root file system ... Begin: Running /scripts/local-top ... done.
Begin: Running /scripts/local-premount ... [    9.723701] Btrfs loaded
Scanning for Btrfs filesystems
done.
Warning: fsck not present, so skipping root file[    9.821710] EXT4-fs (sda1): mounted filesystem with ordered data mode. Opts: (null)
 system
done.
Begin: Running /scripts/local-bottom ... done.
Begin: Running /scripts/init-bottom ... done.
[   10.315637] systemd[1]: systemd 229 running in system mode. (+PAM +AUDIT +SELINUX +IMA +APPARMOR +SMACK +SYSVINIT +UTMP +LIBCRYPTSETUP +GCRYPT +GNUTLS +ACL +XZ -LZ4 +SECCOMP +BLKID +ELFUTILS +KMOD -IDN)
[   10.328893] systemd[1]: Detected virtualization oracle.
[   10.332379] systemd[1]: Detected architecture x86-64.

Welcome to [1mUbuntu 16.04.5 LTS[0m!

[   10.359230] systemd[1]: Set hostname to <ubuntu>.
[   10.368526] systemd[1]: Initializing machine ID from random generator.
[   10.371061] systemd[1]: Installed transient /etc/machine-id file.
[   11.099359] systemd[1]: Reached target System Time Synchronized.
[[0;32m  OK  [0m] Reached target System Time Synchronized.
[   11.114788] systemd[1]: Set up automount Arbitrary Executable File Formats File System Automount Point.
[[0;32m  OK  [0m] Set up automount Arbitrary Executab...ats File System Automount Point.
[   11.130227] systemd[1]: Listening on Journal Audit Socket.
[[0;32m  OK  [0m] Listening on Journal Audit Socket.
[   11.156593] systemd[1]: Listening on Device-mapper event daemon FIFOs.
[[0;32m  OK  [0m] Listening on Device-mapper event daemon FIFOs.
[   11.188900] systemd[1]: Listening on Syslog Socket.
[[0;32m  OK  [0m] Listening on Syslog Socket.
[   11.206158] systemd[1]: Listening on /dev/initctl Compatibility Named Pipe.
[[0;32m  OK  [0m] Listening on /dev/initctl Compatibility Named Pipe.
[   11.225858] systemd[1]: Created slice User and Session Slice.
[[0;32m  OK  [0m] Created slice User and Session Slice.
[   11.258068] systemd[1]: Started Forward Password Requests to Wall Directory Watch.
[[0;32m  OK  [0m] Started Forward Password Requests to Wall Directory Watch.
[   11.296761] systemd[1]: Listening on Journal Socket (/dev/log).
[[0;32m  OK  [0m] Listening on Journal Socket (/dev/log).
[   11.303118] systemd[1]: Reached target User and Group Name Lookups.
[[0;32m  OK  [0m] Reached target User and Group Name Lookups.
[   11.311111] systemd[1]: Listening on udev Control Socket.
[[0;32m  OK  [0m] Listening on udev Control Socket.
[   11.316007] systemd[1]: Listening on udev Kernel Socket.
[[0;32m  OK  [0m] Listening on udev Kernel Socket.
[   11.320966] systemd[1]: Reached target Swap.
[[0;32m  OK  [0m] Reached target Swap.
[   11.325003] systemd[1]: Started Trigger resolvconf update for networkd DNS.
[[0;32m  OK  [0m] Started Trigger resolvconf update for networkd DNS.
[   11.330521] systemd[1]: Listening on LVM2 poll daemon socket.
[[0;32m  OK  [0m] Listening on LVM2 poll daemon socket.
[   11.335738] systemd[1]: Reached target Encrypted Volumes.
[[0;32m  OK  [0m] Reached target Encrypted Volumes.
[   11.340650] systemd[1]: Listening on Journal Socket.
[[0;32m  OK  [0m] Listening on Journal Socket.
[   11.345668] systemd[1]: Created slice System Slice.
[[0;32m  OK  [0m] Created slice System Slice.
[   11.360409] systemd[1]: Starting Nameserver information manager...
         Starting Nameserver information manager...
[   11.369410] systemd[1]: Mounting Huge Pages File System...
         Mounting Huge Pages File System...
[   11.397971] systemd[1]: Created slice system-serial\x2dgetty.slice.
[[0;32m  OK  [0m] Created slice system-serial\x2dgetty.slice.
[   11.419982] systemd[1]: Mounting POSIX Message Queue File System...
         Mounting POSIX Message Queue File System...
[   11.427065] systemd[1]: Starting Create list of required static device nodes for the current kernel...
         Starting Create list of required st... nodes for the current kernel...
[   11.439983] systemd[1]: Starting Journal Service...
         Starting Journal Service...
[   11.445659] systemd[1]: Starting Set console keymap...
         Starting Set console keymap...
[   11.484503] systemd[1]: Starting Load Kernel Modules...
         Starting Load Kernel Modules...
[   11.494766] systemd[1]: Reached target Slices.
[[0;32m  OK  [0m] Reached target Slices.
[   11.504361] systemd[1]: Mounting Debug File System...
         Mounting Debug File System...
[   11.542792] Loading iSCSI transport class v2.0-870.
[   11.552754] systemd[1]: Starting Remount Root and Kernel File Systems...
         Starting Remount Root and Kernel File Systems...
[   11.567781] systemd[1]: Listening on LVM2 metadata daemon socket.
[   11.580163] iscsi: registered transport (tcp)
[   11.583049] EXT4-fs (sda1): re-mounted. Opts: (null)
[[0;32m  OK  [0m[   11.587190] random: nonblocking pool is initialized
] Listening on LVM2 metadata daemon socket.
[   11.592533] systemd[1]: Starting Monitoring of LVM2 mirrors, snapshots etc. using dmeventd or progress polling...
         Starting Monitoring of LVM2 mirrors... dmeventd or progress polling...
[   11.601299] systemd[1]: Starting Uncomplicated firewall...
         Starting Uncomplicated firewall...
[   11.626044] systemd[1]: Mounted Debug File System.
[[0;32m  OK  [0m] Mounted Debug File System.
[   11.631527] systemd[1]: Mounted POSIX Message Queue File System.
[[0;32m  OK  [0m] Mounted POSIX Message Queue File System.
[   11.644778] systemd[1]: Mounted Huge Pages File System.
[[0;32m  OK  [0m] Mounted Huge Pages File System.
[   11.661300] systemd[1]: Started Journal Service.
[[0;32m  OK  [0m] Started Journal Service.
[   11.687011] iscsi: registered transport (iser)
[[0;32m  OK  [0m] Started Create list of required sta...ce nodes for the current kernel.
[[0;32m  OK  [0m] Started Set console keymap.
[[0;32m  OK  [0m] Started Load Kernel Modules.
[[0;32m  OK  [0m] Started Remount Root and Kernel File Systems.
[[0;32m  OK  [0m] Started Uncomplicated firewall.
[[0;32m  OK  [0m] Started Nameserver information manager.
[[0;32m  OK  [0m] Started LVM2 metadata daemon.
         Starting udev Coldplug all Devices...
         Starting Load/Save Random Seed...
         Mounting FUSE Control File System...
         Starting Apply Kernel Variables...
         Starting Create Static Device Nodes in /dev...
         Starting Flush Journal to Persistent Storage...
[[0;32m  OK  [0m] Mounted FUSE Control File System.
[[0;32m  OK  [0m] Started Load/Save Random Seed.
[[0;32m  OK  [0m] Started Apply Kernel Variables.
[[0;32m  OK  [0m] Started Create Static Device Nodes in /dev.
[[0;32m  OK  [0m] Started Flush Journal to Persistent Storage.
         Starting udev Kernel Device Manager...
[[0;32m  OK  [0m] Started udev Coldplug all Devices.
[[0;32m  OK  [0m] Started Monitoring of LVM2 mirrors,...ng dmeventd or progress polling.
[[0;32m  OK  [0m] Started udev Kernel Device Manager.
[[0;32m  OK  [0m] Reached target Local File Systems (Pre).
[[0;32m  OK  [0m] Reached target Local File Systems.
         Starting Tell Plymouth To Write Out Runtime Data...
         Starting Initial cloud-init job (pre-networking)...
         Starting Create Volatile Files and Directories...
         Starting Commit a transient machine-id on disk...
         Starting Set console font and keymap...
         Starting LSB: AppArmor initialization...
[[0;32m  OK  [0m] Started Dispatch Password Requests to Console Directory Watch.
[[0;32m  OK  [0m] Started Tell Plymouth To Write Out Runtime Data.
[[0;32m  OK  [0m] Started Create Volatile Files and Directories.
[[0;32m  OK  [0m] Started Commit a transient machine-id on disk.
         Starting Update UTMP about System Boot/Shutdown...
[[0;32m  OK  [0m] Started Update UTMP about System Boot/Shutdown.
[[0;32m  OK  [0m] Found device /dev/ttyS0.
[[0;32m  OK  [0m] Listening on Load/Save RF Kill Switch Status /dev/rfkill Watch.
[[0;32m  OK  [0m] Started LSB: AppArmor initialization.
[[0;32m  OK  [0m] Started Set console font and keymap.
[[0;32m  OK  [0m] Created slice system-getty.slice.
[   13.541595] cloud-init[478]: Cloud-init v. 18.3-9-g2e62cb8a-0ubuntu1~16.04.2 running 'init-local' at Mon, 05 Nov 2018 15:29:41 +0000. Up 12.99 seconds.
[[0;32m  OK  [0m] Started Initial cloud-init job (pre-networking).
[[0;32m  OK  [0m] Reached target Network (Pre).
         Starting Raise network interfaces...
[[0;32m  OK  [0m] Started Raise network interfaces.
[[0;32m  OK  [0m] Reached target Network.
         Starting Initial cloud-init job (metadata service crawler)...
[   15.587089] cloud-init[927]: Cloud-init v. 18.3-9-g2e62cb8a-0ubuntu1~16.04.2 running 'init' at Mon, 05 Nov 2018 15:29:42 +0000. Up 14.41 seconds.
[   15.621017] cloud-init[927]: ci-info: +++++++++++++++++++++++++++++++++++++Net device info+++++++++++++++++++++++++++++++++++++
[   15.672793] cloud-init[927]: ci-info: +--------+------+--------------------------+---------------+--------+-------------------+
[   15.673244] cloud-init[[0;32m  OK  [0m] Started Initial cloud-init job (metadata service crawler).
[927]: ci-info: | Device |  Up  |         Address          |      Mask     | Scope  |     Hw-Address    |
[   15.705267] cloud-init[927]: ci-info: +--------+------+--------------------------+---------------+--------+-------------------+
[[0;32m  OK  [0m] Reached target System Initialization.
[[   15.707565] cloud-init[927]: ci-info: | enp0s3 | True |        10.0.2.15         | 255.255.255.0 | global | 02:28:89:27:00:51 |
[   15.738332] cloud-init[927]: ci-info: | enp0s3 | True | fe80::28:89ff:fe27:51/64 |       .       |  link  | 02:28:89:27:00:51 |
[0;32m  OK  [0m] Started Daily Cleanup of Temporary Directories.
[   15.739068] cloud-init[927]: ci-info: |   lo   | True |        127.0.0.1         |   255.0.0.0   |  host  |         .         |
[   15.841338] cloud-init[927]: ci-info: |   lo   | True |         ::1/128          |       .       |  host  |         .         |
[   15.842209] cloud-init[927]: ci-info: +--------+------+--------------------------+---------------+--------+-------------------+
         Starting Socket activation for snappy daemon.
[[   15.845957] cloud-init[927]: ci-info: +++++++++++++++++++++++++++Route IPv4 info++++++++++++++++++++++++++++
[   15.918381] cloud-init[927]: ci-info: +-------+-------------+----------+---------------+-----------+-------+
[0;32m  OK  [0m] Started Daily apt download activities.
[[   15.920876] cloud-init[927]: ci-info: | Route | Destination | Gateway  |    Genmask    | Interface | Flags |
[0;32m  OK  [0m] Started Daily apt upgrade and clean activities.
[   16.010628] cloud-init[927]: ci-info: +-------+-------------+----------+---------------+-----------+-------+
[   16.025518] cloud-init[927]: ci-info: |   0   |   0.0.0.0   | 10.0.2.2 |    0.0.0.0    |   enp0s3  |   UG  |
[[0;32m  OK  [0m] Listening on D-Bus System Message Bus Socket.
[   16.026171] cloud-init[927]: ci-info: |   1   |   10.0.2.0  | 0.0.0.0  | 255.255.255.0 |   enp0s3  |   U   |
[[0;32m  OK  [0m] Started ACPI Events Check.
[[0;32m  OK  [0m] Reached target Paths.
[   16.105859] cloud-init[927]: ci-info: +-------+-------------+----------+---------------+-----------+-------+
[   16.138051] cloud-init[927]: ci-info: +++++++++++++++++++Route IPv6 info+++++++++++++++++++
[[0;32m  OK  [0m] Reached target Timers.
[   16.172322] cloud-init[927]: ci-info: +-------+-------------+---------+-----------+-------+
[   16.184962] cloud-init[927]: ci-info: | Route | Destination | Gateway | Interface | Flags |
[   16.186370] cloud-init[927]: ci-info: +-------+-------------+---------+-----------+-------+
[   16.186427] cloud-init[927]: ci-info: |   0   |  fe80::/64  |    ::   |   enp0s3  |   U   |
[   16.186476] cloud-init[927]: ci-info: |   3   |   ff00::/8  |    ::   |   enp0s3  |   U   |
[   16.186536] cloud-init[927]: ci-info: +-------+-------------+---------+-----------+-------+
[   16.186661] cloud-init[927]: Generating public/private rsa key pair.
[   16.186719] cloud-init[927]: Your identification has been saved in /etc/ssh/ssh_host_rsa_key.
[   16.186771] cloud-init[927]: Your public key has been saved in /etc/ssh/ssh_host_rsa_key.pub.
[   16.186820] cloud-init[927]: The key fingerprint is:
[   16.186925] cloud-init[927]: SHA256:1h9He0yoQiu7BD/1ly3aPGjLYA0ecz3h5sMOY9WQdaM root@ubuntu-xenial
[   16.186978] cloud-init[927]: The key's randomart image is:
[   16.187027] cloud-init[927]: +---[RSA 2048]----+
[   16.187107] cloud-init[927]: |               .o|
[   16.187149] cloud-init[927]: |              .+o|
[   16.187186] cloud-init[927]: |          .  E* .|
[   16.187223] cloud-init[927]: |         o . = B |
[   16.187258] cloud-init[927]: |      . S O + O +|
[   16.187294] cloud-init[927]: |       + = X B = |
[   16.187330] cloud-init[927]: |        = + B.B .|
[   16.187365] cloud-init[927]: |       . + +oO.o |
[   16.187402] cloud-init[927]: |        .  .+.+. |
[   16.187438] cloud-init[927]: +----[SHA256]-----+
[   16.187477] cloud-init[927]: Generating public/private dsa key pair.
[   16.187513] cloud-init[927]: Your identification has been saved in /etc/ssh/ssh_host_dsa_key.
[   16.187549] cloud-init[927]: Your public key has been saved in /etc/ssh/ssh_host_dsa_key.pub.
[   16.187586] cloud-init[927]: The key fingerprint is:
[   16.187621] cloud-init[927]: SHA256:fzHh9DQOsh6gmtkuQeXzDXLa+C9z43uqY5zdoIaWq5Y root@ubuntu-xenial
[   16.187657] cloud-init[927]: The key's randomart image is:
[   16.187693] cloud-init[927]: +---[DSA 1024]----+
[   16.187729] cloud-init[927]: |                 |
[   16.187766] cloud-init[927]: |      .          |
[   16.187802] cloud-init[927]: |     o  . . + o  |
[   16.187838] cloud-init[927]: |    . +.o. = * . |
[   16.187878] cloud-init[927]: |   .  .OSoo + o  |
[   16.187913] cloud-init[927]: |    .=o ooo. o   |
[   16.187949] cloud-init[927]: |    +o.= +oo.    |
[   16.187985] cloud-init[927]: |    E.+ @ +.o    |
[[0;32m  OK  [0m] Listening on UUID daemon activation socket.
[   16.188129] cloud-init[927]: |   ..+o+.O==     |
[   16.884873] cloud-init[927]: +----[SHA256]-----+
         Starting LXD - unix socket.
[[0;32m  OK  [0m] Listening on ACPID Listen Socket.
[[   16.892211] cloud-init[927]: Generating public/private ecdsa key pair.
[   16.921069] cloud-init[927]: Your identification has been saved in /etc/ssh/ssh_host_ecdsa_key.
[   16.925676] cloud-init[927]: Your public key has been saved in /etc/ssh/ssh_host_ecdsa_key.pub.
[0;32m  OK  [0m] Reached target Cloud-config availability.
[[   16.929058] cloud-init[927]: The key fingerprint is:
[0;32m  OK  [0m] Reached target Network is Online.
[   16.985792] cloud-init[927]: SHA256:xvKcDk2zpPIY8JZgsXQJ4Zz1g3UQtHsuM+QD/iTe/24 root@ubuntu-xenial
[   17.003756] cloud-init[927]: The key's randomart image is:
[   17.004316] cloud-init[927]: +---[ECDSA 256]---+
         Starting iSCSI initiator daemon (iscsid)...
[   17.006529] cloud-init[927]: |  o...=o.        |
[   17.038555] cloud-init[927]: | o + = o         |
[   17.039243] cloud-init[927]: |  * + +          |
[   17.041377] cloud-init[927]: | . +   +         |
[   17.042582] cloud-init[927]: |  = . + S        |
[   17.044661] cloud-init[927]: | . = = % +       |
[   17.046109] cloud-init[927]: |    O X B        |
[[0;32m  OK  [0m] Listening on Socket activation for snappy daemon.
[[   17.048440] cloud-init[927]: |   o X B  E      |
[   17.104134] cloud-init[927]: |    o +.o+o      |
[0;32m  OK  [0m] Listening on LXD - unix socket.
[   17.106352] cloud-init[927]: +----[SHA256]-----+
[   17.146606] cloud-init[927]: Generating public/private ed25519 key pair.
[   17.158412] cloud-init[927]: Your identification has been saved in /etc/ssh/ssh_host_ed25519_key.
[   17.164408] cloud-init[927]: Your public key has been saved in /etc/ssh/ssh_host_ed25519_key.pub.
[   17.183150] cloud-init[927]: The key fingerprint is:
[   17.184254] cloud-init[927]: SHA256:6lK/EY/3p3uayHzJLtS+7YErNz8gSKi3B/DiHyGJDh0 root@ubuntu-xenial
[[0;32m  OK  [0m] Reached target Sockets.
[[   17.185820] cloud-init[927]: The key's randomart image is:
[   17.222641] cloud-init[927]: +--[ED25519 256]--+
[0;32m  OK  [0m] Reached target Basic System.
[   17.225157] cloud-init[927]: |                 |
[   17.256523] cloud-init[927]: |                 |
[   17.272591] cloud-init[927]: |  E    .         |
         Starting Pollinate to seed the pseudo random number generator...
[[0;32m  OK  [0m] Started Unattended Upgrades Shutdown.
[   17.295624] cloud-init[927]: | . o... .        |
[   17.334074]          Starting LSB: MD monitoring daemon...
         Starting /etc/rc.local Compatibility...
cloud-init[927]: |. o o+..S. .     |
[   17.344758] cloud-init[927]: | o  o.=o.+o o.   |
[[0;32m  OK  [0m] Started ACPI event daemon.
         Starting Accounts Service...
[   17.347555] cloud-init[927]: |  .. +o+o.o+.o.  |[[0;32m  OK  [0m] Started Regular background program processing daemon.
         Starting Virtualbox guest utils...
[[0;32m  OK  [0m] Started D-Bus System Message Bus.

[   17.392658] cloud-init[927]: |    o...o=ooB++. |
[   17.405104] cloud-init[927]: |     oo...+*X@+. |
[   17.416778] cloud-init[927]: +----[SHA256]-----+
         Starting System Logging Service...
[[0;32m  OK  [0m] Started FUSE filesystem for LXC.
[[0;32m  OK  [0m] Started Deferred execution scheduler.
         Starting Snappy daemon...
         Starting LSB: Record successful boot for GRUB...
         Starting LXD - container startup/shutdown...
         Starting Login Service...
[[0;32m  OK  [0m] Started iSCSI initiator daemon (iscsid).
[[0;32m  OK  [0m] Started /etc/rc.local Compatibility.
[[0;32m  OK  [0m] Started System Logging Service.
[[0;32m  OK  [0m] Started LSB: MD monitoring daemon.
         Starting Authenticate and Authorize Users to Run Privileged Tasks...
         Starting Login to default iSCSI targets...
[[0;32m  OK  [0m] Started LSB: Record successful boot for GRUB.
[[0;32m  OK  [0m] Started Login Service.
[[0;32m  OK  [0m] Started Virtualbox guest utils.
[[0;32m  OK  [0m] Started Authenticate and Authorize Users to Run Privileged Tasks.
[[0;32m  OK  [0m] Started Accounts Service.
[[0;32m  OK  [0m] Started Login to default iSCSI targets.
[[0;32m  OK  [0m] Started LXD - container startup/shutdown.
[[0;32m  OK  [0m] Reached target Remote File Systems (Pre).
[[0;32m  OK  [0m] Reached target Remote File Systems.
         Starting LSB: Set the CPU Frequency Scaling governor to "ondemand"...
         Starting LSB: automatic crash report generation...
         Starting LSB: daemon to balance interrupts for SMP systems...
         Starting Permit User Sessions...
[[0;32m  OK  [0m] Started Permit User Sessions.
[[0;32m  OK  [0m] Started Pollinate to seed the pseudo random number generator.
[[0;32m  OK  [0m] Started LSB: Set the CPU Frequency Scaling governor to "ondemand".
         Starting OpenBSD Secure Shell server...
         Starting Hold until boot process finishes up...
         Starting Terminate Plymouth Boot Screen...
[[0;32m  OK  [0m] Started LSB: automatic crash report generation.
[[0;32m  OK  [0m] Started LSB: daemon to balance interrupts for SMP systems.
[[0;32m  OK  [0m] Started Hold until boot process finishes up.
[[0;32m  OK  [0m] Started Terminate Plymouth Boot Screen.
[[0;32m  OK  [0m] Started Snappy daemon.
[[0;32m  OK  [0m] Started OpenBSD Secure Shell server.
         Starting Wait until snapd is fully seeded...
[[0;32m  OK  [0m] Started Getty on tty1.
[[0;32m  OK  [0m] Started Serial Getty on ttyS0.
[[0;32m  OK  [0m] Reached target Login Prompts.
         Starting Set console scheme...
[[0;32m  OK  [0m] Started Set console scheme.
[[0;32m  OK  [0m] Started Wait until snapd is fully seeded.
         Starting Apply the settings specified in cloud-config...
[[0;32m  OK  [0m] Reached target Multi-User System.
[[0;32m  OK  [0m] Reached target Graphical Interface.
         Starting Update UTMP about System Runlevel Changes...
[[0;32m  OK  [0m] Started Update UTMP about System Runlevel Changes.
[   21.904216] cloud-init[1252]: Generating locales (this might take a while)...
[[0;32m  OK  [0m] Created slice User Slice of vagrant.
[[0;32m  OK  [0m] Started Session 1 of user vagrant.
         Starting User Manager for UID 1000...
[[0;32m  OK  [0m] Started User Manager for UID 1000.
[   23.103213] cloud-init[1252]:   en_US.UTF-8... done
[   23.120650] cloud-init[1252]: Generation complete.
[   24.008713] cloud-init[1252]: Cloud-init v. 18.3-9-g2e62cb8a-0ubuntu1~16.04.2 running 'modules:config' at Mon, 05 Nov 2018 15:29:50 +0000. Up 21.71 seconds.

Ubuntu 16.04.5 LTS ubuntu-xenial ttyS0

ubuntu-xenial login: ci-info: no authorized ssh keys fingerprints found for user ubuntu.
<14>Nov  5 15:29:53 ec2: 
<14>Nov  5 15:29:53 ec2: #############################################################
<14>Nov  5 15:29:53 ec2: -----BEGIN SSH HOST KEY FINGERPRINTS-----
<14>Nov  5 15:29:53 ec2: 1024 SHA256:fzHh9DQOsh6gmtkuQeXzDXLa+C9z43uqY5zdoIaWq5Y root@ubuntu-xenial (DSA)
<14>Nov  5 15:29:53 ec2: 256 SHA256:xvKcDk2zpPIY8JZgsXQJ4Zz1g3UQtHsuM+QD/iTe/24 root@ubuntu-xenial (ECDSA)
<14>Nov  5 15:29:53 ec2: 256 SHA256:6lK/EY/3p3uayHzJLtS+7YErNz8gSKi3B/DiHyGJDh0 root@ubuntu-xenial (ED25519)
<14>Nov  5 15:29:53 ec2: 2048 SHA256:1h9He0yoQiu7BD/1ly3aPGjLYA0ecz3h5sMOY9WQdaM root@ubuntu-xenial (RSA)
<14>Nov  5 15:29:53 ec2: -----END SSH HOST KEY FINGERPRINTS-----
<14>Nov  5 15:29:53 ec2: #############################################################
-----BEGIN SSH HOST KEY KEYS-----
ecdsa-sha2-nistp256 AAAAE2VjZHNhLXNoYTItbmlzdHAyNTYAAAAIbmlzdHAyNTYAAABBBDYRchb0HyBbwY1HZaqwpUhaa2azBcOWwBoSKSPnH+EcKWcoGHLEhJDMv8tBM8suFJmo82qBjOaxg1mQHQNetMg= root@ubuntu-xenial
ssh-ed25519 AAAAC3NzaC1lZDI1NTE5AAAAIJrkdnmRJmBkfU3N09pCarfWGpv9ycuCsXg08i/ZSEQo root@ubuntu-xenial
ssh-rsa AAAAB3NzaC1yc2EAAAADAQABAAABAQDB5Vnv+pIpV+4jdYxnpXw6mH3x3PawnpyNPnb2SgczuJmbIqfkRiBc7XnRjRLFo4TeZN0O+X13HdMcr/kFXpaiZjJR0ZPmAFP0qTIPAoXcfcZWQpbY3UTyEHdVguZ3g2plmXB+TXL6WliDDMqN2KB/38ZkaAYm0R14ypXRKhzzY85yw35wYXY9R7bvkAGWSUgS//RKWHYRk8uxkt7HdL/ncKavOiX3TLf6qhmzNtI43JerxotQk9tR6+BgX2V+o3Wq2drZ9pwLVzwFAXuI7GwLKxbTi0s1w3FoNCUDCz/qX1w1TbyZc82R+6MrGoUaaHr3NLzGZmAEHARyJ+JSa0FF root@ubuntu-xenial
-----END SSH HOST KEY KEYS-----
[   24.877011] cloud-init[1403]: Cloud-init v. 18.3-9-g2e62cb8a-0ubuntu1~16.04.2 running 'modules:final' at Mon, 05 Nov 2018 15:29:53 +0000. Up 24.47 seconds.
[   24.877241] cloud-init[1403]: ci-info: no authorized ssh keys fingerprints found for user ubuntu.
[   24.877379] cloud-init[1403]: Cloud-init v. 18.3-9-g2e62cb8a-0ubuntu1~16.04.2 finished at Mon, 05 Nov 2018 15:29:53 +0000. Datasource DataSourceNoCloud [seed=/dev/sdb][dsmode=net].  Up 24.85 seconds
